Archive member included to satisfy reference by file (symbol)

/tmp/arduino-sketch-2B73F36B5C84B8272D10C75CF37AA7F8/core/core.a(cortex_handlers.c.o)
                              (Reset_Handler)
/tmp/arduino-sketch-2B73F36B5C84B8272D10C75CF37AA7F8/core/core.a(delay.c.o)
                              /tmp/arduino-sketch-2B73F36B5C84B8272D10C75CF37AA7F8/core/core.a(cortex_handlers.c.o) (SysTick_DefaultHandler)
/tmp/arduino-sketch-2B73F36B5C84B8272D10C75CF37AA7F8/core/core.a(hooks.c.o)
                              /tmp/arduino-sketch-2B73F36B5C84B8272D10C75CF37AA7F8/core/core.a(delay.c.o) (yield)
/tmp/arduino-sketch-2B73F36B5C84B8272D10C75CF37AA7F8/core/core.a(startup.c.o)
                              /tmp/arduino-sketch-2B73F36B5C84B8272D10C75CF37AA7F8/core/core.a(cortex_handlers.c.o) (SystemInit)
/tmp/arduino-sketch-2B73F36B5C84B8272D10C75CF37AA7F8/core/core.a(wiring.c.o)
                              /tmp/arduino-sketch-2B73F36B5C84B8272D10C75CF37AA7F8/core/core.a(startup.c.o) (SystemCoreClock)
/tmp/arduino-sketch-2B73F36B5C84B8272D10C75CF37AA7F8/core/core.a(wiring_analog.c.o)
                              /tmp/arduino-sketch-2B73F36B5C84B8272D10C75CF37AA7F8/core/core.a(wiring.c.o) (analogReference)
/tmp/arduino-sketch-2B73F36B5C84B8272D10C75CF37AA7F8/core/core.a(wiring_digital.c.o)
                              /tmp/arduino-sketch-2B73F36B5C84B8272D10C75CF37AA7F8/core/core.a(wiring_analog.c.o) (pinMode)
/tmp/arduino-sketch-2B73F36B5C84B8272D10C75CF37AA7F8/core/core.a(wiring_private.c.o)
                              /tmp/arduino-sketch-2B73F36B5C84B8272D10C75CF37AA7F8/core/core.a(wiring_analog.c.o) (pinPeripheral)
/tmp/arduino-sketch-2B73F36B5C84B8272D10C75CF37AA7F8/core/core.a(Reset.cpp.o)
                              /tmp/arduino-sketch-2B73F36B5C84B8272D10C75CF37AA7F8/core/core.a(delay.c.o) (tickReset)
/tmp/arduino-sketch-2B73F36B5C84B8272D10C75CF37AA7F8/core/core.a(SERCOM.cpp.o)
                              /tmp/arduino-sketch-2B73F36B5C84B8272D10C75CF37AA7F8/core/variant.cpp.o (SERCOM::SERCOM(Sercom*))
/tmp/arduino-sketch-2B73F36B5C84B8272D10C75CF37AA7F8/core/core.a(Uart.cpp.o)
                              /tmp/arduino-sketch-2B73F36B5C84B8272D10C75CF37AA7F8/core/variant.cpp.o (Uart::Uart(SERCOM*, unsigned char, unsigned char, SercomRXPad, SercomUartTXPad))
/tmp/arduino-sketch-2B73F36B5C84B8272D10C75CF37AA7F8/core/core.a(WString.cpp.o)
                              /tmp/arduino-sketch-2B73F36B5C84B8272D10C75CF37AA7F8/sketch/sketch_simple.ino.cpp.o (String::String(char const*))
/tmp/arduino-sketch-2B73F36B5C84B8272D10C75CF37AA7F8/core/core.a(main.cpp.o)
                              /home/alien/.arduino15/packages/adafruit/tools/arm-none-eabi-gcc/9-2019q4/bin/../lib/gcc/arm-none-eabi/9.2.1/../../../../arm-none-eabi/lib/thumb/v6-m/nofp/crt0.o (main)
/tmp/arduino-sketch-2B73F36B5C84B8272D10C75CF37AA7F8/core/core.a(dtostrf.c.o)
                              /tmp/arduino-sketch-2B73F36B5C84B8272D10C75CF37AA7F8/core/core.a(WString.cpp.o) (dtostrf)
/tmp/arduino-sketch-2B73F36B5C84B8272D10C75CF37AA7F8/core/core.a(itoa.c.o)
                              /tmp/arduino-sketch-2B73F36B5C84B8272D10C75CF37AA7F8/core/core.a(WString.cpp.o) (ltoa)
/tmp/arduino-sketch-2B73F36B5C84B8272D10C75CF37AA7F8/core/core.a(Print.cpp.o)
                              /tmp/arduino-sketch-2B73F36B5C84B8272D10C75CF37AA7F8/core/core.a(Uart.cpp.o) (Print::write(unsigned char const*, unsigned int))
/tmp/arduino-sketch-2B73F36B5C84B8272D10C75CF37AA7F8/core/core.a(USBCore.cpp.o)
                              /tmp/arduino-sketch-2B73F36B5C84B8272D10C75CF37AA7F8/core/core.a(main.cpp.o) (USBDeviceClass::init())
/tmp/arduino-sketch-2B73F36B5C84B8272D10C75CF37AA7F8/core/core.a(abi.cpp.o)
                              /tmp/arduino-sketch-2B73F36B5C84B8272D10C75CF37AA7F8/core/core.a(Print.cpp.o) (__cxa_pure_virtual)
/tmp/arduino-sketch-2B73F36B5C84B8272D10C75CF37AA7F8/core/core.a(new.cpp.o)
                              /tmp/arduino-sketch-2B73F36B5C84B8272D10C75CF37AA7F8/core/core.a(USBCore.cpp.o) (operator new(unsigned int))
/tmp/arduino-sketch-2B73F36B5C84B8272D10C75CF37AA7F8/core/core.a(CDC.cpp.o)
                              /tmp/arduino-sketch-2B73F36B5C84B8272D10C75CF37AA7F8/core/core.a(USBCore.cpp.o) (CDC_GetInterface(unsigned char*))
/tmp/arduino-sketch-2B73F36B5C84B8272D10C75CF37AA7F8/core/core.a(PluggableUSB.cpp.o)
                              /tmp/arduino-sketch-2B73F36B5C84B8272D10C75CF37AA7F8/core/core.a(USBCore.cpp.o) (PluggableUSB_::getInterface(unsigned char*))
/tmp/arduino-sketch-2B73F36B5C84B8272D10C75CF37AA7F8/core/core.a(SAMD21_USBDevice.cpp.o)
                              /tmp/arduino-sketch-2B73F36B5C84B8272D10C75CF37AA7F8/core/core.a(USBCore.cpp.o) (USBDevice_SAMD21G18x::reset())
/home/alien/.arduino15/packages/adafruit/tools/arm-none-eabi-gcc/9-2019q4/bin/../lib/gcc/arm-none-eabi/9.2.1/thumb/v6-m/nofp/libgcc.a(_thumb1_case_uqi.o)
[...]
Memory Configuration

Name             Origin             Length             Attributes
FLASH            0x0000000000002000 0x000000000003e000 xr
RAM              0x0000000020000000 0x0000000000008000 xrw
*default*        0x0000000000000000 0xffffffffffffffff

Linker script and memory map

LOAD /home/alien/.arduino15/packages/adafruit/tools/arm-none-eabi-gcc/9-2019q4/bin/../lib/gcc/arm-none-eabi/9.2.1/thumb/v6-m/nofp/crti.o
LOAD /home/alien/.arduino15/packages/adafruit/tools/arm-none-eabi-gcc/9-2019q4/bin/../lib/gcc/arm-none-eabi/9.2.1/thumb/v6-m/nofp/crtbegin.o
LOAD /home/alien/.arduino15/packages/adafruit/tools/arm-none-eabi-gcc/9-2019q4/bin/../lib/gcc/arm-none-eabi/9.2.1/../../../../arm-none-eabi/lib/thumb/v6-m/nofp/crt0.o
LOAD /tmp/arduino-sketch-2B73F36B5C84B8272D10C75CF37AA7F8/sketch/s_file.S.o
LOAD /tmp/arduino-sketch-2B73F36B5C84B8272D10C75CF37AA7F8/sketch/sketch_simple.ino.cpp.o
LOAD /tmp/arduino-sketch-2B73F36B5C84B8272D10C75CF37AA7F8/core/variant.cpp.o
START GROUP
LOAD /home/alien/.arduino15/packages/adafruit/tools/CMSIS/5.4.0/CMSIS/Lib/GCC//libarm_cortexM0l_math.a
LOAD /tmp/arduino-sketch-2B73F36B5C84B8272D10C75CF37AA7F8/core/core.a
END GROUP
LOAD /home/alien/.arduino15/packages/adafruit/tools/arm-none-eabi-gcc/9-2019q4/bin/../lib/gcc/arm-none-eabi/9.2.1/../../../../arm-none-eabi/lib/thumb/v6-m/nofp/libstdc++_nano.a
LOAD /home/alien/.arduino15/packages/adafruit/tools/arm-none-eabi-gcc/9-2019q4/bin/../lib/gcc/arm-none-eabi/9.2.1/../../../../arm-none-eabi/lib/thumb/v6-m/nofp/libm.a
START GROUP
LOAD /home/alien/.arduino15/packages/adafruit/tools/arm-none-eabi-gcc/9-2019q4/bin/../lib/gcc/arm-none-eabi/9.2.1/thumb/v6-m/nofp/libgcc.a
LOAD /home/alien/.arduino15/packages/adafruit/tools/arm-none-eabi-gcc/9-2019q4/bin/../lib/gcc/arm-none-eabi/9.2.1/../../../../arm-none-eabi/lib/thumb/v6-m/nofp/libc_nano.a
END GROUP
START GROUP
LOAD /home/alien/.arduino15/packages/adafruit/tools/arm-none-eabi-gcc/9-2019q4/bin/../lib/gcc/arm-none-eabi/9.2.1/thumb/v6-m/nofp/libgcc.a
LOAD /home/alien/.arduino15/packages/adafruit/tools/arm-none-eabi-gcc/9-2019q4/bin/../lib/gcc/arm-none-eabi/9.2.1/../../../../arm-none-eabi/lib/thumb/v6-m/nofp/libc_nano.a
LOAD /home/alien/.arduino15/packages/adafruit/tools/arm-none-eabi-gcc/9-2019q4/bin/../lib/gcc/arm-none-eabi/9.2.1/../../../../arm-none-eabi/lib/thumb/v6-m/nofp/libnosys.a
END GROUP
START GROUP
LOAD /home/alien/.arduino15/packages/adafruit/tools/arm-none-eabi-gcc/9-2019q4/bin/../lib/gcc/arm-none-eabi/9.2.1/thumb/v6-m/nofp/libgcc.a
LOAD /home/alien/.arduino15/packages/adafruit/tools/arm-none-eabi-gcc/9-2019q4/bin/../lib/gcc/arm-none-eabi/9.2.1/../../../../arm-none-eabi/lib/thumb/v6-m/nofp/libc_nano.a
LOAD /home/alien/.arduino15/packages/adafruit/tools/arm-none-eabi-gcc/9-2019q4/bin/../lib/gcc/arm-none-eabi/9.2.1/../../../../arm-none-eabi/lib/thumb/v6-m/nofp/libnosys.a
END GROUP
LOAD /home/alien/.arduino15/packages/adafruit/tools/arm-none-eabi-gcc/9-2019q4/bin/../lib/gcc/arm-none-eabi/9.2.1/thumb/v6-m/nofp/crtend.o
LOAD /home/alien/.arduino15/packages/adafruit/tools/arm-none-eabi-gcc/9-2019q4/bin/../lib/gcc/arm-none-eabi/9.2.1/thumb/v6-m/nofp/crtn.o

.text           0x0000000000002000     0x2948
                0x0000000000002000                __text_start__ = .
 *(.sketch_boot)
                0x0000000000002000                . = ALIGN (0x2000)
 *(.isr_vector)
 .isr_vector    0x0000000000002000       0xb4 /tmp/arduino-sketch-2B73F36B5C84B8272D10C75CF37AA7F8/core/core.a(cortex_handlers.c.o)
                0x0000000000002000                exception_table
 *(.text*)
 .text          0x00000000000020b4       0x48 /home/alien/.arduino15/packages/adafruit/tools/arm-none-eabi-gcc/9-2019q4/bin/../lib/gcc/arm-none-eabi/9.2.1/thumb/v6-m/nofp/crtbegin.o
 .text.setup    0x00000000000020fc        0x2 /tmp/arduino-sketch-2B73F36B5C84B8272D10C75CF37AA7F8/sketch/sketch_simple.ino.cpp.o
                0x00000000000020fc                setup
 .text.loop     0x00000000000020fe        0x2 /tmp/arduino-sketch-2B73F36B5C84B8272D10C75CF37AA7F8/sketch/sketch_simple.ino.cpp.o
                0x00000000000020fe                loop
 .text.SERCOM0_Handler
                0x0000000000002100       0x10 /tmp/arduino-sketch-2B73F36B5C84B8272D10C75CF37AA7F8/core/variant.cpp.o
                0x0000000000002100                SERCOM0_Handler
 .text.SERCOM5_Handler
                0x0000000000002110       0x10 /tmp/arduino-sketch-2B73F36B5C84B8272D10C75CF37AA7F8/core/variant.cpp.o
                0x0000000000002110                SERCOM5_Handler
 .text.startup._GLOBAL__sub_I_g_APinDescription
                0x0000000000002120       0x94 /tmp/arduino-sketch-2B73F36B5C84B8272D10C75CF37AA7F8/core/variant.cpp.o
 .text.Dummy_Handler
                0x00000000000021b4        0x2 /tmp/arduino-sketch-2B73F36B5C84B8272D10C75CF37AA7F8/core/core.a(cortex_handlers.c.o)
                0x00000000000021b4                DMAC_Handler
                0x00000000000021b4                HardFault_Handler
                0x00000000000021b4                AC_Handler
                0x00000000000021b4                PendSV_Handler
                0x00000000000021b4                NMI_Handler
                0x00000000000021b4                TC7_Handler
                0x00000000000021b4                SERCOM1_Handler
                0x00000000000021b4                ADC_Handler
                0x00000000000021b4                TCC1_Handler
                0x00000000000021b4                SERCOM2_Handler
                0x00000000000021b4                TCC0_Handler
                0x00000000000021b4                RTC_Handler
                0x00000000000021b4                EIC_Handler
                0x00000000000021b4                TC6_Handler
                0x00000000000021b4                WDT_Handler
                0x00000000000021b4                TC4_Handler
                0x00000000000021b4                TC3_Handler
                0x00000000000021b4                Dummy_Handler
                0x00000000000021b4                PM_Handler
                0x00000000000021b4                SVC_Handler
                0x00000000000021b4                TCC2_Handler
                0x00000000000021b4                EVSYS_Handler
                0x00000000000021b4                SERCOM3_Handler
                0x00000000000021b4                SERCOM4_Handler
                0x00000000000021b4                I2S_Handler
                0x00000000000021b4                NVMCTRL_Handler
                0x00000000000021b4                DAC_Handler
                0x00000000000021b4                PTC_Handler
                0x00000000000021b4                SYSCTRL_Handler
 *fill*         0x00000000000021b6        0x2 
 .text.USB_Handler
                0x00000000000021b8       0x14 /tmp/arduino-sketch-2B73F36B5C84B8272D10C75CF37AA7F8/core/core.a(cortex_handlers.c.o)
                0x00000000000021b8                USB_Handler
 .text.Reset_Handler
                0x00000000000021cc       0x54 /tmp/arduino-sketch-2B73F36B5C84B8272D10C75CF37AA7F8/core/core.a(cortex_handlers.c.o)
                0x00000000000021cc                Reset_Handler
 .text.SysTick_Handler
                0x0000000000002220       0x10 /tmp/arduino-sketch-2B73F36B5C84B8272D10C75CF37AA7F8/core/core.a(cortex_handlers.c.o)
                0x0000000000002220                SysTick_Handler
 .text.USB_SetHandler
                0x0000000000002230        0xc /tmp/arduino-sketch-2B73F36B5C84B8272D10C75CF37AA7F8/core/core.a(cortex_handlers.c.o)
                0x0000000000002230                USB_SetHandler
 .text.micros   0x000000000000223c       0x60 /tmp/arduino-sketch-2B73F36B5C84B8272D10C75CF37AA7F8/core/core.a(delay.c.o)
                0x000000000000223c                micros
 .text.delay    0x000000000000229c       0x2c /tmp/arduino-sketch-2B73F36B5C84B8272D10C75CF37AA7F8/core/core.a(delay.c.o)
                0x000000000000229c                delay
 .text.SysTick_DefaultHandler
                0x00000000000022c8       0x14 /tmp/arduino-sketch-2B73F36B5C84B8272D10C75CF37AA7F8/core/core.a(delay.c.o)
                0x00000000000022c8                SysTick_DefaultHandler
 .text.__empty  0x00000000000022dc        0x2 /tmp/arduino-sketch-2B73F36B5C84B8272D10C75CF37AA7F8/core/core.a(hooks.c.o)
                0x00000000000022dc                yield
 .text.__false  0x00000000000022de        0x4 /tmp/arduino-sketch-2B73F36B5C84B8272D10C75CF37AA7F8/core/core.a(hooks.c.o)
                0x00000000000022de                sysTickHook
 *fill*         0x00000000000022e2        0x2 
 .text.SystemInit
                0x00000000000022e4      0x160 /tmp/arduino-sketch-2B73F36B5C84B8272D10C75CF37AA7F8/core/core.a(startup.c.o)
                0x00000000000022e4                SystemInit
 .text.init     0x0000000000002444       0xe0 /tmp/arduino-sketch-2B73F36B5C84B8272D10C75CF37AA7F8/core/core.a(wiring.c.o)
                0x0000000000002444                init
 .text.analogReference
                0x0000000000002524       0x88 /tmp/arduino-sketch-2B73F36B5C84B8272D10C75CF37AA7F8/core/core.a(wiring_analog.c.o)
                0x0000000000002524                analogReference
 .text.pinMode  0x00000000000025ac       0x60 /tmp/arduino-sketch-2B73F36B5C84B8272D10C75CF37AA7F8/core/core.a(wiring_digital.c.o)
                0x00000000000025ac                pinMode
 .text.digitalWrite
                0x000000000000260c       0x58 /tmp/arduino-sketch-2B73F36B5C84B8272D10C75CF37AA7F8/core/core.a(wiring_digital.c.o)
                0x000000000000260c                digitalWrite
 .text.pinPeripheral
                0x0000000000002664       0xbc /tmp/arduino-sketch-2B73F36B5C84B8272D10C75CF37AA7F8/core/core.a(wiring_private.c.o)
                0x0000000000002664                pinPeripheral
 .text.initiateReset
                0x0000000000002720        0xc /tmp/arduino-sketch-2B73F36B5C84B8272D10C75CF37AA7F8/core/core.a(Reset.cpp.o)
                0x0000000000002720                initiateReset
 .text.cancelReset
                0x000000000000272c       0x10 /tmp/arduino-sketch-2B73F36B5C84B8272D10C75CF37AA7F8/core/core.a(Reset.cpp.o)
                0x000000000000272c                cancelReset
 .text.tickReset
                0x000000000000273c       0x74 /tmp/arduino-sketch-2B73F36B5C84B8272D10C75CF37AA7F8/core/core.a(Reset.cpp.o)
                0x000000000000273c                tickReset
 .text._ZN6SERCOMC2EP6Sercom
                0x00000000000027b0        0x4 /tmp/arduino-sketch-2B73F36B5C84B8272D10C75CF37AA7F8/core/core.a(SERCOM.cpp.o)
                0x00000000000027b0                SERCOM::SERCOM(Sercom*)
                0x00000000000027b0                SERCOM::SERCOM(Sercom*)
 .text._ZN6SERCOM9initFrameE18SercomUartCharSize15SercomDataOrder16SercomParityMode19SercomNumberStopBit
                0x00000000000027b4       0x3a /tmp/arduino-sketch-2B73F36B5C84B8272D10C75CF37AA7F8/core/core.a(SERCOM.cpp.o)
                0x00000000000027b4                SERCOM::initFrame(SercomUartCharSize, SercomDataOrder, SercomParityMode, SercomNumberStopBit)
 .text._ZN6SERCOM8initPadsE15SercomUartTXPad11SercomRXPad
                0x00000000000027ee       0x26 /tmp/arduino-sketch-2B73F36B5C84B8272D10C75CF37AA7F8/core/core.a(SERCOM.cpp.o)
                0x00000000000027ee                SERCOM::initPads(SercomUartTXPad, SercomRXPad)
 .text._ZN6SERCOM9resetUARTEv
                0x0000000000002814       0x1a /tmp/arduino-sketch-2B73F36B5C84B8272D10C75CF37AA7F8/core/core.a(SERCOM.cpp.o)
                0x0000000000002814                SERCOM::resetUART()
 .text._ZN6SERCOM10enableUARTEv
                0x000000000000282e       0x14 /tmp/arduino-sketch-2B73F36B5C84B8272D10C75CF37AA7F8/core/core.a(SERCOM.cpp.o)
                0x000000000000282e                SERCOM::enableUART()
 .text._ZN6SERCOM9flushUARTEv
                0x0000000000002842       0x10 /tmp/arduino-sketch-2B73F36B5C84B8272D10C75CF37AA7F8/core/core.a(SERCOM.cpp.o)
                0x0000000000002842                SERCOM::flushUART()
 .text._ZN6SERCOM15clearStatusUARTEv
                0x0000000000002852        0x8 /tmp/arduino-sketch-2B73F36B5C84B8272D10C75CF37AA7F8/core/core.a(SERCOM.cpp.o)
                0x0000000000002852                SERCOM::clearStatusUART()
 .text._ZN6SERCOM17availableDataUARTEv
                0x000000000000285a        0xa /tmp/arduino-sketch-2B73F36B5C84B8272D10C75CF37AA7F8/core/core.a(SERCOM.cpp.o)
                0x000000000000285a                SERCOM::availableDataUART()
 .text._ZN6SERCOM11isUARTErrorEv
                0x0000000000002864        0x8 /tmp/arduino-sketch-2B73F36B5C84B8272D10C75CF37AA7F8/core/core.a(SERCOM.cpp.o)
                0x0000000000002864                SERCOM::isUARTError()
 .text._ZN6SERCOM20acknowledgeUARTErrorEv
                0x000000000000286c        0xe /tmp/arduino-sketch-2B73F36B5C84B8272D10C75CF37AA7F8/core/core.a(SERCOM.cpp.o)
                0x000000000000286c                SERCOM::acknowledgeUARTError()
 .text._ZN6SERCOM16isFrameErrorUARTEv
                0x000000000000287a        0xa /tmp/arduino-sketch-2B73F36B5C84B8272D10C75CF37AA7F8/core/core.a(SERCOM.cpp.o)
                0x000000000000287a                SERCOM::isFrameErrorUART()
 .text._ZN6SERCOM19clearFrameErrorUARTEv
                0x0000000000002884        0xc /tmp/arduino-sketch-2B73F36B5C84B8272D10C75CF37AA7F8/core/core.a(SERCOM.cpp.o)
                0x0000000000002884                SERCOM::clearFrameErrorUART()
 .text._ZN6SERCOM23isDataRegisterEmptyUARTEv
                0x0000000000002890        0xa /tmp/arduino-sketch-2B73F36B5C84B8272D10C75CF37AA7F8/core/core.a(SERCOM.cpp.o)
                0x0000000000002890                SERCOM::isDataRegisterEmptyUART()
 .text._ZN6SERCOM12readDataUARTEv
                0x000000000000289a        0x8 /tmp/arduino-sketch-2B73F36B5C84B8272D10C75CF37AA7F8/core/core.a(SERCOM.cpp.o)
                0x000000000000289a                SERCOM::readDataUART()
 .text._ZN6SERCOM13writeDataUARTEh
                0x00000000000028a2       0x10 /tmp/arduino-sketch-2B73F36B5C84B8272D10C75CF37AA7F8/core/core.a(SERCOM.cpp.o)
                0x00000000000028a2                SERCOM::writeDataUART(unsigned char)
 .text._ZN6SERCOM36enableDataRegisterEmptyInterruptUARTEv
                0x00000000000028b2        0x8 /tmp/arduino-sketch-2B73F36B5C84B8272D10C75CF37AA7F8/core/core.a(SERCOM.cpp.o)
                0x00000000000028b2                SERCOM::enableDataRegisterEmptyInterruptUART()
 .text._ZN6SERCOM37disableDataRegisterEmptyInterruptUARTEv
                0x00000000000028ba        0x8 /tmp/arduino-sketch-2B73F36B5C84B8272D10C75CF37AA7F8/core/core.a(SERCOM.cpp.o)
                0x00000000000028ba                SERCOM::disableDataRegisterEmptyInterruptUART()
 *fill*         0x00000000000028c2        0x2 
 .text._ZN6SERCOM14getSercomIndexEv
                0x00000000000028c4       0x5c /tmp/arduino-sketch-2B73F36B5C84B8272D10C75CF37AA7F8/core/core.a(SERCOM.cpp.o)
                0x00000000000028c4                SERCOM::getSercomIndex()
 .text._ZN6SERCOM13initClockNVICEv
                0x0000000000002920       0x90 /tmp/arduino-sketch-2B73F36B5C84B8272D10C75CF37AA7F8/core/core.a(SERCOM.cpp.o)
                0x0000000000002920                SERCOM::initClockNVIC()
 .text._ZN6SERCOM8initUARTE14SercomUartMode20SercomUartSampleRatem
                0x00000000000029b0       0x6c /tmp/arduino-sketch-2B73F36B5C84B8272D10C75CF37AA7F8/core/core.a(SERCOM.cpp.o)
                0x00000000000029b0                SERCOM::initUART(SercomUartMode, SercomUartSampleRate, unsigned long)
 .text._ZN4UartcvbEv
                0x0000000000002a1c        0x4 /tmp/arduino-sketch-2B73F36B5C84B8272D10C75CF37AA7F8/core/core.a(Uart.cpp.o)
                0x0000000000002a1c                Uart::operator bool()
 .text._ZN4Uart5beginEm
                0x0000000000002a20       0x10 /tmp/arduino-sketch-2B73F36B5C84B8272D10C75CF37AA7F8/core/core.a(Uart.cpp.o)
                0x0000000000002a20                Uart::begin(unsigned long)
 .text._ZN4Uart4peekEv
                0x0000000000002a30       0x1a /tmp/arduino-sketch-2B73F36B5C84B8272D10C75CF37AA7F8/core/core.a(Uart.cpp.o)
                0x0000000000002a30                Uart::peek()
 .text._ZN4Uart3endEv
                0x0000000000002a4a       0x20 /tmp/arduino-sketch-2B73F36B5C84B8272D10C75CF37AA7F8/core/core.a(Uart.cpp.o)
                0x0000000000002a4a                Uart::end()
 .text._ZN4Uart15extractCharSizeEt
                0x0000000000002a6a       0x28 /tmp/arduino-sketch-2B73F36B5C84B8272D10C75CF37AA7F8/core/core.a(Uart.cpp.o)
                0x0000000000002a6a                Uart::extractCharSize(unsigned short)
 .text._ZN4Uart13extractParityEt
                0x0000000000002a92       0x14 /tmp/arduino-sketch-2B73F36B5C84B8272D10C75CF37AA7F8/core/core.a(Uart.cpp.o)
                0x0000000000002a92                Uart::extractParity(unsigned short)
 *fill*         0x0000000000002aa6        0x2 
 .text._ZN4Uart5beginEmt
                0x0000000000002aa8       0xf8 /tmp/arduino-sketch-2B73F36B5C84B8272D10C75CF37AA7F8/core/core.a(Uart.cpp.o)
                0x0000000000002aa8                Uart::begin(unsigned long, unsigned short)
 .text._ZN11RingBufferNILi256EEC2Ev
                0x0000000000002ba0       0x1c /tmp/arduino-sketch-2B73F36B5C84B8272D10C75CF37AA7F8/core/core.a(Uart.cpp.o)
                0x0000000000002ba0                RingBufferN<256>::RingBufferN()
                0x0000000000002ba0                RingBufferN<256>::RingBufferN()
 .text._ZN4UartC2EP6SERCOMhh11SercomRXPad15SercomUartTXPad
                0x0000000000002bbc       0x70 /tmp/arduino-sketch-2B73F36B5C84B8272D10C75CF37AA7F8/core/core.a(Uart.cpp.o)
                0x0000000000002bbc                Uart::Uart(SERCOM*, unsigned char, unsigned char, SercomRXPad, SercomUartTXPad)
                0x0000000000002bbc                Uart::Uart(SERCOM*, unsigned char, unsigned char, SercomRXPad, SercomUartTXPad)
 .text._ZN11RingBufferNILi256EE9availableEv
                0x0000000000002c2c       0x12 /tmp/arduino-sketch-2B73F36B5C84B8272D10C75CF37AA7F8/core/core.a(Uart.cpp.o)
                0x0000000000002c2c                RingBufferN<256>::available()
 .text._ZN4Uart5flushEv
                0x0000000000002c3e       0x1a /tmp/arduino-sketch-2B73F36B5C84B8272D10C75CF37AA7F8/core/core.a(Uart.cpp.o)
                0x0000000000002c3e                Uart::flush()
 .text._ZN4Uart9availableEv
                0x0000000000002c58        0xa /tmp/arduino-sketch-2B73F36B5C84B8272D10C75CF37AA7F8/core/core.a(Uart.cpp.o)
                0x0000000000002c58                Uart::available()
 .text._ZN11RingBufferNILi256EE17availableForStoreEv
                0x0000000000002c62       0x20 /tmp/arduino-sketch-2B73F36B5C84B8272D10C75CF37AA7F8/core/core.a(Uart.cpp.o)
                0x0000000000002c62                RingBufferN<256>::availableForStore()
 .text._ZN4Uart17availableForWriteEv
                0x0000000000002c82        0xc /tmp/arduino-sketch-2B73F36B5C84B8272D10C75CF37AA7F8/core/core.a(Uart.cpp.o)
                0x0000000000002c82                Uart::availableForWrite()
 .text._ZN4Uart10IrqHandlerEv
                0x0000000000002c8e       0xcc /tmp/arduino-sketch-2B73F36B5C84B8272D10C75CF37AA7F8/core/core.a(Uart.cpp.o)
                0x0000000000002c8e                Uart::IrqHandler()
 *fill*         0x0000000000002d5a        0x2 
 .text._ZN4Uart5writeEh
                0x0000000000002d5c       0xb4 /tmp/arduino-sketch-2B73F36B5C84B8272D10C75CF37AA7F8/core/core.a(Uart.cpp.o)
                0x0000000000002d5c                Uart::write(unsigned char)
 .text._ZN4Uart4readEv
                0x0000000000002e10       0x4c /tmp/arduino-sketch-2B73F36B5C84B8272D10C75CF37AA7F8/core/core.a(Uart.cpp.o)
                0x0000000000002e10                Uart::read()
 .text._Z11initVariantv
                0x0000000000002e5c        0x2 /tmp/arduino-sketch-2B73F36B5C84B8272D10C75CF37AA7F8/core/core.a(main.cpp.o)
                0x0000000000002e5c                initVariant()
 *fill*         0x0000000000002e5e        0x2 
 .text.startup.main
                0x0000000000002e60       0x44 /tmp/arduino-sketch-2B73F36B5C84B8272D10C75CF37AA7F8/core/core.a(main.cpp.o)
                0x0000000000002e60                main
 .text._ZN5Print5writeEPKhj
                0x0000000000002ea4       0x24 /tmp/arduino-sketch-2B73F36B5C84B8272D10C75CF37AA7F8/core/core.a(Print.cpp.o)
                0x0000000000002ea4                Print::write(unsigned char const*, unsigned int)
 .text._ZN26DoubleBufferedEPOutHandler4initEv
                0x0000000000002ec8        0x2 /tmp/arduino-sketch-2B73F36B5C84B8272D10C75CF37AA7F8/core/core.a(USBCore.cpp.o)
                0x0000000000002ec8                DoubleBufferedEPOutHandler::init()
 .text._ZL5utox8mPc
                0x0000000000002eca       0x26 /tmp/arduino-sketch-2B73F36B5C84B8272D10C75CF37AA7F8/core/core.a(USBCore.cpp.o)
 .text._ZN26DoubleBufferedEPOutHandlerD2Ev
                0x0000000000002ef0       0x14 /tmp/arduino-sketch-2B73F36B5C84B8272D10C75CF37AA7F8/core/core.a(USBCore.cpp.o)
                0x0000000000002ef0                DoubleBufferedEPOutHandler::~DoubleBufferedEPOutHandler()
                0x0000000000002ef0                DoubleBufferedEPOutHandler::~DoubleBufferedEPOutHandler()
 .text._ZN26DoubleBufferedEPOutHandlerD0Ev
                0x0000000000002f04       0x12 /tmp/arduino-sketch-2B73F36B5C84B8272D10C75CF37AA7F8/core/core.a(USBCore.cpp.o)
                0x0000000000002f04                DoubleBufferedEPOutHandler::~DoubleBufferedEPOutHandler()
 *fill*         0x0000000000002f16        0x2 
 .text._ZN14USBDeviceClass6initEPEmm.part.0
                0x0000000000002f18       0xe8 /tmp/arduino-sketch-2B73F36B5C84B8272D10C75CF37AA7F8/core/core.a(USBCore.cpp.o)
 .text._ZN7__GuardC2Ev
                0x0000000000003000        0xe /tmp/arduino-sketch-2B73F36B5C84B8272D10C75CF37AA7F8/core/core.a(USBCore.cpp.o)
                0x0000000000003000                __Guard::__Guard()
                0x0000000000003000                __Guard::__Guard()
 .text._ZN7__GuardD2Ev
                0x000000000000300e        0xe /tmp/arduino-sketch-2B73F36B5C84B8272D10C75CF37AA7F8/core/core.a(USBCore.cpp.o)
                0x000000000000300e                __Guard::~__Guard()
                0x000000000000300e                __Guard::~__Guard()
 .text._ZNK26DoubleBufferedEPOutHandler9availableEv
                0x000000000000301c       0x5e /tmp/arduino-sketch-2B73F36B5C84B8272D10C75CF37AA7F8/core/core.a(USBCore.cpp.o)
                0x000000000000301c                DoubleBufferedEPOutHandler::available() const
 *fill*         0x000000000000307a        0x2 
 .text._ZN26DoubleBufferedEPOutHandler7releaseEv
                0x000000000000307c       0x54 /tmp/arduino-sketch-2B73F36B5C84B8272D10C75CF37AA7F8/core/core.a(USBCore.cpp.o)
                0x000000000000307c                DoubleBufferedEPOutHandler::release()
 .text._ZN26DoubleBufferedEPOutHandler4recvEPvm
                0x00000000000030d0      0x11a /tmp/arduino-sketch-2B73F36B5C84B8272D10C75CF37AA7F8/core/core.a(USBCore.cpp.o)
                0x00000000000030d0                DoubleBufferedEPOutHandler::recv(void*, unsigned long)
 .text._ZN26DoubleBufferedEPOutHandler14handleEndpointEv
                0x00000000000031ea       0xc2 /tmp/arduino-sketch-2B73F36B5C84B8272D10C75CF37AA7F8/core/core.a(USBCore.cpp.o)
                0x00000000000031ea                DoubleBufferedEPOutHandler::handleEndpoint()
 .text._ZN14USBDeviceClass14SendInterfacesEPm
                0x00000000000032ac       0x2e /tmp/arduino-sketch-2B73F36B5C84B8272D10C75CF37AA7F8/core/core.a(USBCore.cpp.o)
                0x00000000000032ac                USBDeviceClass::SendInterfaces(unsigned long*)
 *fill*         0x00000000000032da        0x2 
 .text._ZN14USBDeviceClass14handleEndpointEh
                0x00000000000032dc       0x44 /tmp/arduino-sketch-2B73F36B5C84B8272D10C75CF37AA7F8/core/core.a(USBCore.cpp.o)
                0x00000000000032dc                USBDeviceClass::handleEndpoint(unsigned char)
 .text._ZN14USBDeviceClass4initEv
                0x0000000000003320       0xf0 /tmp/arduino-sketch-2B73F36B5C84B8272D10C75CF37AA7F8/core/core.a(USBCore.cpp.o)
                0x0000000000003320                USBDeviceClass::init()
 .text._ZN14USBDeviceClass6attachEv
                0x0000000000003410       0x34 /tmp/arduino-sketch-2B73F36B5C84B8272D10C75CF37AA7F8/core/core.a(USBCore.cpp.o)
                0x0000000000003410                USBDeviceClass::attach()
 .text._ZN14USBDeviceClass10setAddressEm
                0x0000000000003444       0x44 /tmp/arduino-sketch-2B73F36B5C84B8272D10C75CF37AA7F8/core/core.a(USBCore.cpp.o)
                0x0000000000003444                USBDeviceClass::setAddress(unsigned long)
 .text._ZN14USBDeviceClass25handleClassInterfaceSetupER8USBSetup
                0x0000000000003488       0x44 /tmp/arduino-sketch-2B73F36B5C84B8272D10C75CF37AA7F8/core/core.a(USBCore.cpp.o)
                0x0000000000003488                USBDeviceClass::handleClassInterfaceSetup(USBSetup&)
 .text._ZN14USBDeviceClass6initEPEmm
                0x00000000000034cc       0xec /tmp/arduino-sketch-2B73F36B5C84B8272D10C75CF37AA7F8/core/core.a(USBCore.cpp.o)
                0x00000000000034cc                USBDeviceClass::initEP(unsigned long, unsigned long)
 .text._ZN14USBDeviceClass13initEndpointsEv
                0x00000000000035b8       0x24 /tmp/arduino-sketch-2B73F36B5C84B8272D10C75CF37AA7F8/core/core.a(USBCore.cpp.o)
                0x00000000000035b8                USBDeviceClass::initEndpoints()
 .text._ZN14USBDeviceClass9availableEm
                0x00000000000035dc       0x2c /tmp/arduino-sketch-2B73F36B5C84B8272D10C75CF37AA7F8/core/core.a(USBCore.cpp.o)
                0x00000000000035dc                USBDeviceClass::available(unsigned long)
 .text._ZN14USBDeviceClass5flushEm
                0x0000000000003608       0x2c /tmp/arduino-sketch-2B73F36B5C84B8272D10C75CF37AA7F8/core/core.a(USBCore.cpp.o)
                0x0000000000003608                USBDeviceClass::flush(unsigned long)
 .text._ZN14USBDeviceClass14armRecvCtrlOUTEm
                0x0000000000003634       0x5c /tmp/arduino-sketch-2B73F36B5C84B8272D10C75CF37AA7F8/core/core.a(USBCore.cpp.o)
                0x0000000000003634                USBDeviceClass::armRecvCtrlOUT(unsigned long)
 .text._ZN14USBDeviceClass11recvControlEPvm
                0x0000000000003690       0x3c /tmp/arduino-sketch-2B73F36B5C84B8272D10C75CF37AA7F8/core/core.a(USBCore.cpp.o)
                0x0000000000003690                USBDeviceClass::recvControl(void*, unsigned long)
 .text._ZN14USBDeviceClass7armRecvEm
                0x00000000000036cc       0x38 /tmp/arduino-sketch-2B73F36B5C84B8272D10C75CF37AA7F8/core/core.a(USBCore.cpp.o)
                0x00000000000036cc                USBDeviceClass::armRecv(unsigned long)
 .text._ZN14USBDeviceClass4recvEmPvm
                0x0000000000003704       0xd8 /tmp/arduino-sketch-2B73F36B5C84B8272D10C75CF37AA7F8/core/core.a(USBCore.cpp.o)
                0x0000000000003704                USBDeviceClass::recv(unsigned long, void*, unsigned long)
 .text._ZN14USBDeviceClass4recvEm
                0x00000000000037dc       0x1c /tmp/arduino-sketch-2B73F36B5C84B8272D10C75CF37AA7F8/core/core.a(USBCore.cpp.o)
                0x00000000000037dc                USBDeviceClass::recv(unsigned long)
 .text._ZN14USBDeviceClass4sendEmPKvm
                0x00000000000037f8      0x110 /tmp/arduino-sketch-2B73F36B5C84B8272D10C75CF37AA7F8/core/core.a(USBCore.cpp.o)
                0x00000000000037f8                USBDeviceClass::send(unsigned long, void const*, unsigned long)
 .text._ZN14USBDeviceClass7armSendEmPKvm
                0x0000000000003908       0x48 /tmp/arduino-sketch-2B73F36B5C84B8272D10C75CF37AA7F8/core/core.a(USBCore.cpp.o)
                0x0000000000003908                USBDeviceClass::armSend(unsigned long, void const*, unsigned long)
 .text._ZN14USBDeviceClass11sendControlEPKvm
                0x0000000000003950       0x54 /tmp/arduino-sketch-2B73F36B5C84B8272D10C75CF37AA7F8/core/core.a(USBCore.cpp.o)
                0x0000000000003950                USBDeviceClass::sendControl(void const*, unsigned long)
 .text._ZN14USBDeviceClass20sendStringDescriptorEPKhh
                0x00000000000039a4       0x68 /tmp/arduino-sketch-2B73F36B5C84B8272D10C75CF37AA7F8/core/core.a(USBCore.cpp.o)
                0x00000000000039a4                USBDeviceClass::sendStringDescriptor(unsigned char const*, unsigned char)
 .text._ZN14USBDeviceClass17sendConfigurationEm
                0x0000000000003a0c       0x80 /tmp/arduino-sketch-2B73F36B5C84B8272D10C75CF37AA7F8/core/core.a(USBCore.cpp.o)
                0x0000000000003a0c                USBDeviceClass::sendConfiguration(unsigned long)
 .text._ZN14USBDeviceClass14sendDescriptorER8USBSetup
                0x0000000000003a8c       0xe4 /tmp/arduino-sketch-2B73F36B5C84B8272D10C75CF37AA7F8/core/core.a(USBCore.cpp.o)
                0x0000000000003a8c                USBDeviceClass::sendDescriptor(USBSetup&)
 .text._ZN14USBDeviceClass19handleStandardSetupER8USBSetup
                0x0000000000003b70      0x118 /tmp/arduino-sketch-2B73F36B5C84B8272D10C75CF37AA7F8/core/core.a(USBCore.cpp.o)
                0x0000000000003b70                USBDeviceClass::handleStandardSetup(USBSetup&)
 .text._ZN14USBDeviceClass10ISRHandlerEv
                0x0000000000003c88      0x150 /tmp/arduino-sketch-2B73F36B5C84B8272D10C75CF37AA7F8/core/core.a(USBCore.cpp.o)
                0x0000000000003c88                USBDeviceClass::ISRHandler()
 .text.UDD_Handler
                0x0000000000003dd8       0x10 /tmp/arduino-sketch-2B73F36B5C84B8272D10C75CF37AA7F8/core/core.a(USBCore.cpp.o)
                0x0000000000003dd8                UDD_Handler
 .text.startup._GLOBAL__sub_I_usbd
                0x0000000000003de8       0x10 /tmp/arduino-sketch-2B73F36B5C84B8272D10C75CF37AA7F8/core/core.a(USBCore.cpp.o)
 .text._Znwj    0x0000000000003df8        0x8 /tmp/arduino-sketch-2B73F36B5C84B8272D10C75CF37AA7F8/core/core.a(new.cpp.o)
                0x0000000000003df8                operator new(unsigned int)
 .text._ZdlPv   0x0000000000003e00        0x8 /tmp/arduino-sketch-2B73F36B5C84B8272D10C75CF37AA7F8/core/core.a(new.cpp.o)
                0x0000000000003e00                operator delete(void*)
 .text._ZN7Serial_17availableForWriteEv
                0x0000000000003e08        0x4 /tmp/arduino-sketch-2B73F36B5C84B8272D10C75CF37AA7F8/core/core.a(CDC.cpp.o)
                0x0000000000003e08                Serial_::availableForWrite()
 .text._ZN7Serial_5writeEh
                0x0000000000003e0c       0x14 /tmp/arduino-sketch-2B73F36B5C84B8272D10C75CF37AA7F8/core/core.a(CDC.cpp.o)
                0x0000000000003e0c                Serial_::write(unsigned char)
 .text._ZN7Serial_9availableEv
                0x0000000000003e20        0xc /tmp/arduino-sketch-2B73F36B5C84B8272D10C75CF37AA7F8/core/core.a(CDC.cpp.o)
                0x0000000000003e20                Serial_::available()
 .text._ZN7Serial_5flushEv
                0x0000000000003e2c        0xc /tmp/arduino-sketch-2B73F36B5C84B8272D10C75CF37AA7F8/core/core.a(CDC.cpp.o)
                0x0000000000003e2c                Serial_::flush()
 .text._ZN7Serial_5writeEPKhj
                0x0000000000003e38       0x2c /tmp/arduino-sketch-2B73F36B5C84B8272D10C75CF37AA7F8/core/core.a(CDC.cpp.o)
                0x0000000000003e38                Serial_::write(unsigned char const*, unsigned int)
 .text._ZN7Serial_4peekEv
                0x0000000000003e64       0x1c /tmp/arduino-sketch-2B73F36B5C84B8272D10C75CF37AA7F8/core/core.a(CDC.cpp.o)
                0x0000000000003e64                Serial_::peek()
 .text._ZN7Serial_4readEv
                0x0000000000003e80       0x24 /tmp/arduino-sketch-2B73F36B5C84B8272D10C75CF37AA7F8/core/core.a(CDC.cpp.o)
                0x0000000000003e80                Serial_::read()
 .text._Z16CDC_GetInterfacePh
                0x0000000000003ea4       0x1c /tmp/arduino-sketch-2B73F36B5C84B8272D10C75CF37AA7F8/core/core.a(CDC.cpp.o)
                0x0000000000003ea4                CDC_GetInterface(unsigned char*)
 .text._Z9CDC_SetupR8USBSetup
                0x0000000000003ec0       0x7c /tmp/arduino-sketch-2B73F36B5C84B8272D10C75CF37AA7F8/core/core.a(CDC.cpp.o)
                0x0000000000003ec0                CDC_Setup(USBSetup&)
 .text.startup._GLOBAL__sub_I__Z17_CDC_GetInterfacev
                0x0000000000003f3c       0x28 /tmp/arduino-sketch-2B73F36B5C84B8272D10C75CF37AA7F8/core/core.a(CDC.cpp.o)
 .text._ZN13PluggableUSB_12getInterfaceEPh
                0x0000000000003f64       0x28 /tmp/arduino-sketch-2B73F36B5C84B8272D10C75CF37AA7F8/core/core.a(PluggableUSB.cpp.o)
                0x0000000000003f64                PluggableUSB_::getInterface(unsigned char*)
 .text._ZN13PluggableUSB_13getDescriptorER8USBSetup
                0x0000000000003f8c       0x20 /tmp/arduino-sketch-2B73F36B5C84B8272D10C75CF37AA7F8/core/core.a(PluggableUSB.cpp.o)
                0x0000000000003f8c                PluggableUSB_::getDescriptor(USBSetup&)
 .text._ZN13PluggableUSB_5setupER8USBSetup
                0x0000000000003fac       0x20 /tmp/arduino-sketch-2B73F36B5C84B8272D10C75CF37AA7F8/core/core.a(PluggableUSB.cpp.o)
                0x0000000000003fac                PluggableUSB_::setup(USBSetup&)
 .text._Z12PluggableUSBv
                0x0000000000003fcc       0x28 /tmp/arduino-sketch-2B73F36B5C84B8272D10C75CF37AA7F8/core/core.a(PluggableUSB.cpp.o)
                0x0000000000003fcc                PluggableUSB()
 .text._ZN20USBDevice_SAMD21G18x5resetEv
                0x0000000000003ff4       0x2a /tmp/arduino-sketch-2B73F36B5C84B8272D10C75CF37AA7F8/core/core.a(SAMD21_USBDevice.cpp.o)
                0x0000000000003ff4                USBDevice_SAMD21G18x::reset()
 *fill*         0x000000000000401e        0x2 
 .text._ZN20USBDevice_SAMD21G18x9calibrateEv
                0x0000000000004020       0x60 /tmp/arduino-sketch-2B73F36B5C84B8272D10C75CF37AA7F8/core/core.a(SAMD21_USBDevice.cpp.o)
                0x0000000000004020                USBDevice_SAMD21G18x::calibrate()
 .text          0x0000000000004080       0x14 /home/alien/.arduino15/packages/adafruit/tools/arm-none-eabi-gcc/9-2019q4/bin/../lib/gcc/arm-none-eabi/9.2.1/thumb/v6-m/nofp/libgcc.a(_thumb1_case_uqi.o)
                0x0000000000004080                __gnu_thumb1_case_uqi
 .text          0x0000000000004094      0x114 /home/alien/.arduino15/packages/adafruit/tools/arm-none-eabi-gcc/9-2019q4/bin/../lib/gcc/arm-none-eabi/9.2.1/thumb/v6-m/nofp/libgcc.a(_udivsi3.o)
                0x0000000000004094                __udivsi3
                0x0000000000004094                __aeabi_uidiv
                0x00000000000041a0                __aeabi_uidivmod
 .text          0x00000000000041a8        0x4 /home/alien/.arduino15/packages/adafruit/tools/arm-none-eabi-gcc/9-2019q4/bin/../lib/gcc/arm-none-eabi/9.2.1/thumb/v6-m/nofp/libgcc.a(_dvmd_tls.o)
                0x00000000000041a8                __aeabi_ldiv0
                0x00000000000041a8                __aeabi_idiv0
 .text.__libc_init_array
                0x00000000000041ac       0x48 /home/alien/.arduino15/packages/adafruit/tools/arm-none-eabi-gcc/9-2019q4/bin/../lib/gcc/arm-none-eabi/9.2.1/../../../../arm-none-eabi/lib/thumb/v6-m/nofp/libc_nano.a(lib_a-init.o)
                0x00000000000041ac                __libc_init_array
 .text.malloc   0x00000000000041f4       0x14 /home/alien/.arduino15/packages/adafruit/tools/arm-none-eabi-gcc/9-2019q4/bin/../lib/gcc/arm-none-eabi/9.2.1/../../../../arm-none-eabi/lib/thumb/v6-m/nofp/libc_nano.a(lib_a-malloc.o)
                0x00000000000041f4                malloc
 .text.free     0x0000000000004208       0x14 /home/alien/.arduino15/packages/adafruit/tools/arm-none-eabi-gcc/9-2019q4/bin/../lib/gcc/arm-none-eabi/9.2.1/../../../../arm-none-eabi/lib/thumb/v6-m/nofp/libc_nano.a(lib_a-malloc.o)
                0x0000000000004208                free
 .text.memcpy   0x000000000000421c       0x12 /home/alien/.arduino15/packages/adafruit/tools/arm-none-eabi-gcc/9-2019q4/bin/../lib/gcc/arm-none-eabi/9.2.1/../../../../arm-none-eabi/lib/thumb/v6-m/nofp/libc_nano.a(lib_a-memcpy-stub.o)
                0x000000000000421c                memcpy
 .text.memset   0x000000000000422e       0x10 /home/alien/.arduino15/packages/adafruit/tools/arm-none-eabi-gcc/9-2019q4/bin/../lib/gcc/arm-none-eabi/9.2.1/../../../../arm-none-eabi/lib/thumb/v6-m/nofp/libc_nano.a(lib_a-memset.o)
                0x000000000000422e                memset
 *fill*         0x000000000000423e        0x2 
 .text._free_r  0x0000000000004240       0x94 /home/alien/.arduino15/packages/adafruit/tools/arm-none-eabi-gcc/9-2019q4/bin/../lib/gcc/arm-none-eabi/9.2.1/../../../../arm-none-eabi/lib/thumb/v6-m/nofp/libc_nano.a(lib_a-nano-freer.o)
                0x0000000000004240                _free_r
 .text._malloc_r
                0x00000000000042d4       0xbc /home/alien/.arduino15/packages/adafruit/tools/arm-none-eabi-gcc/9-2019q4/bin/../lib/gcc/arm-none-eabi/9.2.1/../../../../arm-none-eabi/lib/thumb/v6-m/nofp/libc_nano.a(lib_a-nano-mallocr.o)
                0x00000000000042d4                _malloc_r
 .text._sbrk_r  0x0000000000004390       0x24 /home/alien/.arduino15/packages/adafruit/tools/arm-none-eabi-gcc/9-2019q4/bin/../lib/gcc/arm-none-eabi/9.2.1/../../../../arm-none-eabi/lib/thumb/v6-m/nofp/libc_nano.a(lib_a-sbrkr.o)
                0x0000000000004390                _sbrk_r
 .text          0x00000000000043b4        0xe /home/alien/.arduino15/packages/adafruit/tools/arm-none-eabi-gcc/9-2019q4/bin/../lib/gcc/arm-none-eabi/9.2.1/../../../../arm-none-eabi/lib/thumb/v6-m/nofp/libc_nano.a(lib_a-strlen.o)
                0x00000000000043b4                strlen
 *fill*         0x00000000000043c2        0x2 
 .text.__malloc_lock
                0x00000000000043c4       0x10 /home/alien/.arduino15/packages/adafruit/tools/arm-none-eabi-gcc/9-2019q4/bin/../lib/gcc/arm-none-eabi/9.2.1/../../../../arm-none-eabi/lib/thumb/v6-m/nofp/libc_nano.a(lib_a-mlock.o)
                0x00000000000043c4                __malloc_lock
 .text.__malloc_unlock
                0x00000000000043d4       0x10 /home/alien/.arduino15/packages/adafruit/tools/arm-none-eabi-gcc/9-2019q4/bin/../lib/gcc/arm-none-eabi/9.2.1/../../../../arm-none-eabi/lib/thumb/v6-m/nofp/libc_nano.a(lib_a-mlock.o)
                0x00000000000043d4                __malloc_unlock
 .text.__retarget_lock_acquire_recursive
                0x00000000000043e4        0x2 /home/alien/.arduino15/packages/adafruit/tools/arm-none-eabi-gcc/9-2019q4/bin/../lib/gcc/arm-none-eabi/9.2.1/../../../../arm-none-eabi/lib/thumb/v6-m/nofp/libc_nano.a(lib_a-lock.o)
                0x00000000000043e4                __retarget_lock_acquire_recursive
 .text.__retarget_lock_release_recursive
                0x00000000000043e6        0x2 /home/alien/.arduino15/packages/adafruit/tools/arm-none-eabi-gcc/9-2019q4/bin/../lib/gcc/arm-none-eabi/9.2.1/../../../../arm-none-eabi/lib/thumb/v6-m/nofp/libc_nano.a(lib_a-lock.o)
                0x00000000000043e6                __retarget_lock_release_recursive
 .text._sbrk    0x00000000000043e8       0x1c /home/alien/.arduino15/packages/adafruit/tools/arm-none-eabi-gcc/9-2019q4/bin/../lib/gcc/arm-none-eabi/9.2.1/../../../../arm-none-eabi/lib/thumb/v6-m/nofp/libnosys.a(sbrk.o)
                0x00000000000043e8                _sbrk
 *(.init)
 .init          0x0000000000004404        0x4 /home/alien/.arduino15/packages/adafruit/tools/arm-none-eabi-gcc/9-2019q4/bin/../lib/gcc/arm-none-eabi/9.2.1/thumb/v6-m/nofp/crti.o
                0x0000000000004404                _init
 .init          0x0000000000004408        0x8 /home/alien/.arduino15/packages/adafruit/tools/arm-none-eabi-gcc/9-2019q4/bin/../lib/gcc/arm-none-eabi/9.2.1/thumb/v6-m/nofp/crtn.o
 *(.fini)
 .fini          0x0000000000004410        0x4 /home/alien/.arduino15/packages/adafruit/tools/arm-none-eabi-gcc/9-2019q4/bin/../lib/gcc/arm-none-eabi/9.2.1/thumb/v6-m/nofp/crti.o
                0x0000000000004410                _fini
 .fini          0x0000000000004414        0x8 /home/alien/.arduino15/packages/adafruit/tools/arm-none-eabi-gcc/9-2019q4/bin/../lib/gcc/arm-none-eabi/9.2.1/thumb/v6-m/nofp/crtn.o
 *crtbegin.o(.ctors)
 *crtbegin?.o(.ctors)
 *(EXCLUDE_FILE(*crtend.o *crtend?.o) .ctors)
 *(SORT_BY_NAME(.ctors.*))
 *(.ctors)
 *crtbegin.o(.dtors)
 *crtbegin?.o(.dtors)
 *(EXCLUDE_FILE(*crtend.o *crtend?.o) .dtors)
 *(SORT_BY_NAME(.dtors.*))
 *(.dtors)
 *(.rodata*)
 .rodata.g_APinDescription
                0x000000000000441c      0x450 /tmp/arduino-sketch-2B73F36B5C84B8272D10C75CF37AA7F8/core/variant.cpp.o
                0x000000000000441c                g_APinDescription
 .rodata._ZL10sercomData
                0x000000000000486c       0x30 /tmp/arduino-sketch-2B73F36B5C84B8272D10C75CF37AA7F8/core/core.a(SERCOM.cpp.o)
 .rodata._ZTV4Uart
                0x000000000000489c       0x34 /tmp/arduino-sketch-2B73F36B5C84B8272D10C75CF37AA7F8/core/core.a(Uart.cpp.o)
                0x000000000000489c                vtable for Uart
 .rodata._ZN14USBDeviceClass19handleStandardSetupER8USBSetup.str1.1
                0x00000000000048d0        0x1 /tmp/arduino-sketch-2B73F36B5C84B8272D10C75CF37AA7F8/core/core.a(USBCore.cpp.o)
 *fill*         0x00000000000048d1        0x3 
 .rodata._ZTV26DoubleBufferedEPOutHandler
                0x00000000000048d4       0x20 /tmp/arduino-sketch-2B73F36B5C84B8272D10C75CF37AA7F8/core/core.a(USBCore.cpp.o)
                0x00000000000048d4                vtable for DoubleBufferedEPOutHandler
 .rodata._ZL14STRING_PRODUCT
                0x00000000000048f4        0xb /tmp/arduino-sketch-2B73F36B5C84B8272D10C75CF37AA7F8/core/core.a(USBCore.cpp.o)
 *fill*         0x00000000000048ff        0x1 
 .rodata._ZL15STRING_LANGUAGE
                0x0000000000004900        0x4 /tmp/arduino-sketch-2B73F36B5C84B8272D10C75CF37AA7F8/core/core.a(USBCore.cpp.o)
 .rodata._ZL19STRING_MANUFACTURER
                0x0000000000004904        0x9 /tmp/arduino-sketch-2B73F36B5C84B8272D10C75CF37AA7F8/core/core.a(USBCore.cpp.o)
 .rodata._ZL21USB_DeviceDescriptorB
                0x000000000000490d       0x12 /tmp/arduino-sketch-2B73F36B5C84B8272D10C75CF37AA7F8/core/core.a(USBCore.cpp.o)
 *fill*         0x000000000000491f        0x1 
 .rodata._ZTV7Serial_
                0x0000000000004920       0x24 /tmp/arduino-sketch-2B73F36B5C84B8272D10C75CF37AA7F8/core/core.a(CDC.cpp.o)
                0x0000000000004920                vtable for Serial_
 *(.eh_frame*)
 .eh_frame      0x0000000000004944        0x0 /home/alien/.arduino15/packages/adafruit/tools/arm-none-eabi-gcc/9-2019q4/bin/../lib/gcc/arm-none-eabi/9.2.1/thumb/v6-m/nofp/crtbegin.o
 .eh_frame      0x0000000000004944        0x4 /home/alien/.arduino15/packages/adafruit/tools/arm-none-eabi-gcc/9-2019q4/bin/../lib/gcc/arm-none-eabi/9.2.1/thumb/v6-m/nofp/crtend.o

.glue_7         0x0000000000004948        0x0
 .glue_7        0x0000000000004948        0x0 linker stubs

.glue_7t        0x0000000000004948        0x0
 .glue_7t       0x0000000000004948        0x0 linker stubs

.vfp11_veneer   0x0000000000004948        0x0
 .vfp11_veneer  0x0000000000004948        0x0 linker stubs

.v4_bx          0x0000000000004948        0x0
 .v4_bx         0x0000000000004948        0x0 linker stubs

.iplt           0x0000000000004948        0x0
 .iplt          0x0000000000004948        0x0 /home/alien/.arduino15/packages/adafruit/tools/arm-none-eabi-gcc/9-2019q4/bin/../lib/gcc/arm-none-eabi/9.2.1/thumb/v6-m/nofp/crtbegin.o

.rel.dyn        0x0000000000004948        0x0
 .rel.iplt      0x0000000000004948        0x0 /home/alien/.arduino15/packages/adafruit/tools/arm-none-eabi-gcc/9-2019q4/bin/../lib/gcc/arm-none-eabi/9.2.1/thumb/v6-m/nofp/crtbegin.o

.ARM.extab
 *(.ARM.extab* .gnu.linkonce.armextab.*)
                0x0000000000004948                __exidx_start = .

.ARM.exidx
 *(.ARM.exidx* .gnu.linkonce.armexidx.*)
                0x0000000000004948                __exidx_end = .
                0x0000000000004948                __etext = .

.data           0x0000000020000000      0x100 load address 0x0000000000004948
                0x0000000020000000                __data_start__ = .
 *(vtable)
 *(.data*)
 .data.SystemCoreClock
                0x0000000020000000        0x4 /tmp/arduino-sketch-2B73F36B5C84B8272D10C75CF37AA7F8/core/core.a(wiring.c.o)
                0x0000000020000000                SystemCoreClock
 .data._ZL5ticks
                0x0000000020000004        0x4 /tmp/arduino-sketch-2B73F36B5C84B8272D10C75CF37AA7F8/core/core.a(Reset.cpp.o)
 .data.EndPoints
                0x0000000020000008       0x28 /tmp/arduino-sketch-2B73F36B5C84B8272D10C75CF37AA7F8/core/core.a(USBCore.cpp.o)
                0x0000000020000008                EndPoints
 .data._ZL10breakValue
                0x0000000020000030        0x4 /tmp/arduino-sketch-2B73F36B5C84B8272D10C75CF37AA7F8/core/core.a(CDC.cpp.o)
 .data._ZL12_usbLineInfo
                0x0000000020000034        0x8 /tmp/arduino-sketch-2B73F36B5C84B8272D10C75CF37AA7F8/core/core.a(CDC.cpp.o)
 .data._ZL13_cdcInterface
                0x000000002000003c       0x42 /tmp/arduino-sketch-2B73F36B5C84B8272D10C75CF37AA7F8/core/core.a(CDC.cpp.o)
 *fill*         0x000000002000007e        0x2 
 .data._serialPeek
                0x0000000020000080        0x4 /tmp/arduino-sketch-2B73F36B5C84B8272D10C75CF37AA7F8/core/core.a(CDC.cpp.o)
                0x0000000020000080                _serialPeek
 .data._impure_ptr
                0x0000000020000084        0x4 /home/alien/.arduino15/packages/adafruit/tools/arm-none-eabi-gcc/9-2019q4/bin/../lib/gcc/arm-none-eabi/9.2.1/../../../../arm-none-eabi/lib/thumb/v6-m/nofp/libc_nano.a(lib_a-impure.o)
                0x0000000020000084                _impure_ptr
 .data.impure_data
                0x0000000020000088       0x60 /home/alien/.arduino15/packages/adafruit/tools/arm-none-eabi-gcc/9-2019q4/bin/../lib/gcc/arm-none-eabi/9.2.1/../../../../arm-none-eabi/lib/thumb/v6-m/nofp/libc_nano.a(lib_a-impure.o)
                0x00000000200000e8                . = ALIGN (0x4)
                0x00000000200000e8                PROVIDE (__preinit_array_start = .)
 *(.preinit_array)
                0x00000000200000e8                PROVIDE (__preinit_array_end = .)
                0x00000000200000e8                . = ALIGN (0x4)
                0x00000000200000e8                PROVIDE (__init_array_start = .)
 *(SORT_BY_NAME(.init_array.*))
 *(.init_array)
 .init_array    0x00000000200000e8        0x4 /home/alien/.arduino15/packages/adafruit/tools/arm-none-eabi-gcc/9-2019q4/bin/../lib/gcc/arm-none-eabi/9.2.1/thumb/v6-m/nofp/crtbegin.o
 .init_array    0x00000000200000ec        0x4 /tmp/arduino-sketch-2B73F36B5C84B8272D10C75CF37AA7F8/core/variant.cpp.o
 .init_array    0x00000000200000f0        0x4 /tmp/arduino-sketch-2B73F36B5C84B8272D10C75CF37AA7F8/core/core.a(USBCore.cpp.o)
 .init_array    0x00000000200000f4        0x4 /tmp/arduino-sketch-2B73F36B5C84B8272D10C75CF37AA7F8/core/core.a(CDC.cpp.o)
                0x00000000200000f8                PROVIDE (__init_array_end = .)
                0x00000000200000f8                . = ALIGN (0x4)
                [!provide]                        PROVIDE (__fini_array_start = .)
 *(SORT_BY_NAME(.fini_array.*))
 *(.fini_array)
 .fini_array    0x00000000200000f8        0x4 /home/alien/.arduino15/packages/adafruit/tools/arm-none-eabi-gcc/9-2019q4/bin/../lib/gcc/arm-none-eabi/9.2.1/thumb/v6-m/nofp/crtbegin.o
                [!provide]                        PROVIDE (__fini_array_end = .)
 *(.jcr*)
                0x0000000020000100                . = ALIGN (0x10)
 *fill*         0x00000000200000fc        0x4 
                0x0000000020000100                __data_end__ = .

.igot.plt       0x0000000020000100        0x0 load address 0x0000000000004a48
 .igot.plt      0x0000000020000100        0x0 /home/alien/.arduino15/packages/adafruit/tools/arm-none-eabi-gcc/9-2019q4/bin/../lib/gcc/arm-none-eabi/9.2.1/thumb/v6-m/nofp/crtbegin.o

.bss            0x0000000020000100      0xab4 load address 0x0000000000004a48
                0x0000000020000100                . = ALIGN (0x4)
                0x0000000020000100                __bss_start__ = .
 *(.bss*)
 .bss           0x0000000020000100       0x1c /home/alien/.arduino15/packages/adafruit/tools/arm-none-eabi-gcc/9-2019q4/bin/../lib/gcc/arm-none-eabi/9.2.1/thumb/v6-m/nofp/crtbegin.o
 .bss.Serial1   0x000000002000011c      0x23c /tmp/arduino-sketch-2B73F36B5C84B8272D10C75CF37AA7F8/core/variant.cpp.o
                0x000000002000011c                Serial1
 .bss.Serial5   0x0000000020000358      0x23c /tmp/arduino-sketch-2B73F36B5C84B8272D10C75CF37AA7F8/core/variant.cpp.o
                0x0000000020000358                Serial5
 .bss.sercom0   0x0000000020000594        0x4 /tmp/arduino-sketch-2B73F36B5C84B8272D10C75CF37AA7F8/core/variant.cpp.o
                0x0000000020000594                sercom0
 .bss.sercom1   0x0000000020000598        0x4 /tmp/arduino-sketch-2B73F36B5C84B8272D10C75CF37AA7F8/core/variant.cpp.o
                0x0000000020000598                sercom1
 .bss.sercom2   0x000000002000059c        0x4 /tmp/arduino-sketch-2B73F36B5C84B8272D10C75CF37AA7F8/core/variant.cpp.o
                0x000000002000059c                sercom2
 .bss.sercom3   0x00000000200005a0        0x4 /tmp/arduino-sketch-2B73F36B5C84B8272D10C75CF37AA7F8/core/variant.cpp.o
                0x00000000200005a0                sercom3
 .bss.sercom4   0x00000000200005a4        0x4 /tmp/arduino-sketch-2B73F36B5C84B8272D10C75CF37AA7F8/core/variant.cpp.o
                0x00000000200005a4                sercom4
 .bss.sercom5   0x00000000200005a8        0x4 /tmp/arduino-sketch-2B73F36B5C84B8272D10C75CF37AA7F8/core/variant.cpp.o
                0x00000000200005a8                sercom5
 .bss.usb_isr   0x00000000200005ac        0x4 /tmp/arduino-sketch-2B73F36B5C84B8272D10C75CF37AA7F8/core/core.a(cortex_handlers.c.o)
 .bss._ulTickCount
                0x00000000200005b0        0x4 /tmp/arduino-sketch-2B73F36B5C84B8272D10C75CF37AA7F8/core/core.a(delay.c.o)
 .bss.USBDevice
                0x00000000200005b4        0x1 /tmp/arduino-sketch-2B73F36B5C84B8272D10C75CF37AA7F8/core/core.a(USBCore.cpp.o)
                0x00000000200005b4                USBDevice
 *fill*         0x00000000200005b5        0x3 
 .bss._ZL10epHandlers
                0x00000000200005b8       0x1c /tmp/arduino-sketch-2B73F36B5C84B8272D10C75CF37AA7F8/core/core.a(USBCore.cpp.o)
 .bss._ZL10rxLEDPulse
                0x00000000200005d4        0x1 /tmp/arduino-sketch-2B73F36B5C84B8272D10C75CF37AA7F8/core/core.a(USBCore.cpp.o)
 .bss._ZL10txLEDPulse
                0x00000000200005d5        0x1 /tmp/arduino-sketch-2B73F36B5C84B8272D10C75CF37AA7F8/core/core.a(USBCore.cpp.o)
 .bss._ZL14isEndpointHalt
                0x00000000200005d6        0x1 /tmp/arduino-sketch-2B73F36B5C84B8272D10C75CF37AA7F8/core/core.a(USBCore.cpp.o)
 .bss._ZL20LastTransmitTimedOut
                0x00000000200005d7        0x7 /tmp/arduino-sketch-2B73F36B5C84B8272D10C75CF37AA7F8/core/core.a(USBCore.cpp.o)
 .bss._ZL21isRemoteWakeUpEnabled
                0x00000000200005de        0x1 /tmp/arduino-sketch-2B73F36B5C84B8272D10C75CF37AA7F8/core/core.a(USBCore.cpp.o)
 *fill*         0x00000000200005df        0x1 
 .bss._ZL22udd_ep_in_cache_buffer
                0x00000000200005e0      0x1c0 /tmp/arduino-sketch-2B73F36B5C84B8272D10C75CF37AA7F8/core/core.a(USBCore.cpp.o)
 .bss._ZL23udd_ep_out_cache_buffer
                0x00000000200007a0      0x1c0 /tmp/arduino-sketch-2B73F36B5C84B8272D10C75CF37AA7F8/core/core.a(USBCore.cpp.o)
 .bss._dry_run  0x0000000020000960        0x1 /tmp/arduino-sketch-2B73F36B5C84B8272D10C75CF37AA7F8/core/core.a(USBCore.cpp.o)
                0x0000000020000960                _dry_run
 .bss._pack_buffer
                0x0000000020000961      0x100 /tmp/arduino-sketch-2B73F36B5C84B8272D10C75CF37AA7F8/core/core.a(USBCore.cpp.o)
                0x0000000020000961                _pack_buffer
 .bss._pack_message
                0x0000000020000a61        0x1 /tmp/arduino-sketch-2B73F36B5C84B8272D10C75CF37AA7F8/core/core.a(USBCore.cpp.o)
                0x0000000020000a61                _pack_message
 .bss._pack_size
                0x0000000020000a62        0x2 /tmp/arduino-sketch-2B73F36B5C84B8272D10C75CF37AA7F8/core/core.a(USBCore.cpp.o)
                0x0000000020000a62                _pack_size
 .bss._usbConfiguration
                0x0000000020000a64        0x4 /tmp/arduino-sketch-2B73F36B5C84B8272D10C75CF37AA7F8/core/core.a(USBCore.cpp.o)
                0x0000000020000a64                _usbConfiguration
 .bss._usbSetInterface
                0x0000000020000a68        0x4 /tmp/arduino-sketch-2B73F36B5C84B8272D10C75CF37AA7F8/core/core.a(USBCore.cpp.o)
                0x0000000020000a68                _usbSetInterface
 .bss.usbd      0x0000000020000a6c      0x104 /tmp/arduino-sketch-2B73F36B5C84B8272D10C75CF37AA7F8/core/core.a(USBCore.cpp.o)
                0x0000000020000a6c                usbd
 .bss.Serial    0x0000000020000b70       0x1c /tmp/arduino-sketch-2B73F36B5C84B8272D10C75CF37AA7F8/core/core.a(CDC.cpp.o)
                0x0000000020000b70                Serial
 .bss._ZGVZ12PluggableUSBvE3obj
                0x0000000020000b8c        0x4 /tmp/arduino-sketch-2B73F36B5C84B8272D10C75CF37AA7F8/core/core.a(PluggableUSB.cpp.o)
 .bss._ZZ12PluggableUSBvE3obj
                0x0000000020000b90        0x8 /tmp/arduino-sketch-2B73F36B5C84B8272D10C75CF37AA7F8/core/core.a(PluggableUSB.cpp.o)
 .bss.__malloc_free_list
                0x0000000020000b98        0x4 /home/alien/.arduino15/packages/adafruit/tools/arm-none-eabi-gcc/9-2019q4/bin/../lib/gcc/arm-none-eabi/9.2.1/../../../../arm-none-eabi/lib/thumb/v6-m/nofp/libc_nano.a(lib_a-nano-mallocr.o)
                0x0000000020000b98                __malloc_free_list
 .bss.__malloc_sbrk_start
                0x0000000020000b9c        0x4 /home/alien/.arduino15/packages/adafruit/tools/arm-none-eabi-gcc/9-2019q4/bin/../lib/gcc/arm-none-eabi/9.2.1/../../../../arm-none-eabi/lib/thumb/v6-m/nofp/libc_nano.a(lib_a-nano-mallocr.o)
                0x0000000020000b9c                __malloc_sbrk_start
 .bss.heap_end.4144
                0x0000000020000ba0        0x4 /home/alien/.arduino15/packages/adafruit/tools/arm-none-eabi-gcc/9-2019q4/bin/../lib/gcc/arm-none-eabi/9.2.1/../../../../arm-none-eabi/lib/thumb/v6-m/nofp/libnosys.a(sbrk.o)
 *(COMMON)
 COMMON         0x0000000020000ba4        0x4 /home/alien/.arduino15/packages/adafruit/tools/arm-none-eabi-gcc/9-2019q4/bin/../lib/gcc/arm-none-eabi/9.2.1/../../../../arm-none-eabi/lib/thumb/v6-m/nofp/libc_nano.a(lib_a-reent.o)
                0x0000000020000ba4                errno
 COMMON         0x0000000020000ba8        0x9 /home/alien/.arduino15/packages/adafruit/tools/arm-none-eabi-gcc/9-2019q4/bin/../lib/gcc/arm-none-eabi/9.2.1/../../../../arm-none-eabi/lib/thumb/v6-m/nofp/libc_nano.a(lib_a-lock.o)
                0x0000000020000ba8                __lock___atexit_recursive_mutex
                0x0000000020000ba9                __lock___arc4random_mutex
                0x0000000020000baa                __lock___env_recursive_mutex
                0x0000000020000bab                __lock___sinit_recursive_mutex
                0x0000000020000bac                __lock___malloc_recursive_mutex
                0x0000000020000bad                __lock___at_quick_exit_mutex
                0x0000000020000bae                __lock___dd_hash_mutex
                0x0000000020000baf                __lock___tz_mutex
                0x0000000020000bb0                __lock___sfp_recursive_mutex
                0x0000000020000bb4                . = ALIGN (0x4)
 *fill*         0x0000000020000bb1        0x3 
                0x0000000020000bb4                __bss_end__ = .

.heap           0x0000000020000bb4        0x0
                0x0000000020000bb4                __end__ = .
                0x0000000020000bb4                PROVIDE (end = .)
 *(.heap*)
                0x0000000020000bb4                __HeapLimit = .

.stack_dummy    0x0000000020000bb4        0x0
 *(.stack*)
                0x0000000020008000                __StackTop = (ORIGIN (RAM) + LENGTH (RAM))
                0x0000000020008000                __StackLimit = (__StackTop - SIZEOF (.stack_dummy))
                0x0000000020008000                PROVIDE (__stack = __StackTop)
                0x0000000020007fff                __ram_end__ = ((ORIGIN (RAM) + LENGTH (RAM)) - 0x1)
                0x0000000000000001                ASSERT ((__StackLimit >= __HeapLimit), region RAM overflowed with stack)
OUTPUT(/tmp/arduino-sketch-2B73F36B5C84B8272D10C75CF37AA7F8/sketch_simple.ino.elf elf32-littlearm)

.ARM.attributes
                0x0000000000000000       0x2d
 .ARM.attributes
                0x0000000000000000       0x1e /home/alien/.arduino15/packages/adafruit/tools/arm-none-eabi-gcc/9-2019q4/bin/../lib/gcc/arm-none-eabi/9.2.1/thumb/v6-m/nofp/crti.o
 .ARM.attributes
                0x000000000000001e       0x2c /home/alien/.arduino15/packages/adafruit/tools/arm-none-eabi-gcc/9-2019q4/bin/../lib/gcc/arm-none-eabi/9.2.1/thumb/v6-m/nofp/crtbegin.o
 .ARM.attributes
                0x000000000000004a       0x2c /tmp/arduino-sketch-2B73F36B5C84B8272D10C75CF37AA7F8/sketch/sketch_simple.ino.cpp.o
 .ARM.attributes
                0x0000000000000076       0x2c /tmp/arduino-sketch-2B73F36B5C84B8272D10C75CF37AA7F8/core/variant.cpp.o
 .ARM.attributes
                0x00000000000000a2       0x2c /tmp/arduino-sketch-2B73F36B5C84B8272D10C75CF37AA7F8/core/core.a(cortex_handlers.c.o)
 .ARM.attributes
                0x00000000000000ce       0x2c /tmp/arduino-sketch-2B73F36B5C84B8272D10C75CF37AA7F8/core/core.a(delay.c.o)
 .ARM.attributes
                0x00000000000000fa       0x2c /tmp/arduino-sketch-2B73F36B5C84B8272D10C75CF37AA7F8/core/core.a(hooks.c.o)
 .ARM.attributes
                0x0000000000000126       0x2c /tmp/arduino-sketch-2B73F36B5C84B8272D10C75CF37AA7F8/core/core.a(startup.c.o)
 .ARM.attributes
                0x0000000000000152       0x2c /tmp/arduino-sketch-2B73F36B5C84B8272D10C75CF37AA7F8/core/core.a(wiring.c.o)
 .ARM.attributes
                0x000000000000017e       0x2c /tmp/arduino-sketch-2B73F36B5C84B8272D10C75CF37AA7F8/core/core.a(wiring_analog.c.o)
 .ARM.attributes
                0x00000000000001aa       0x2c /tmp/arduino-sketch-2B73F36B5C84B8272D10C75CF37AA7F8/core/core.a(wiring_digital.c.o)
 .ARM.attributes
                0x00000000000001d6       0x2c /tmp/arduino-sketch-2B73F36B5C84B8272D10C75CF37AA7F8/core/core.a(wiring_private.c.o)
 .ARM.attributes
                0x0000000000000202       0x2c /tmp/arduino-sketch-2B73F36B5C84B8272D10C75CF37AA7F8/core/core.a(Reset.cpp.o)
 .ARM.attributes
                0x000000000000022e       0x2c /tmp/arduino-sketch-2B73F36B5C84B8272D10C75CF37AA7F8/core/core.a(SERCOM.cpp.o)
 .ARM.attributes
                0x000000000000025a       0x2c /tmp/arduino-sketch-2B73F36B5C84B8272D10C75CF37AA7F8/core/core.a(Uart.cpp.o)
 .ARM.attributes
                0x0000000000000286       0x2c /tmp/arduino-sketch-2B73F36B5C84B8272D10C75CF37AA7F8/core/core.a(main.cpp.o)
 .ARM.attributes
                0x00000000000002b2       0x2c /tmp/arduino-sketch-2B73F36B5C84B8272D10C75CF37AA7F8/core/core.a(Print.cpp.o)
 .ARM.attributes
                0x00000000000002de       0x2c /tmp/arduino-sketch-2B73F36B5C84B8272D10C75CF37AA7F8/core/core.a(USBCore.cpp.o)
 .ARM.attributes
                0x000000000000030a       0x2c /tmp/arduino-sketch-2B73F36B5C84B8272D10C75CF37AA7F8/core/core.a(new.cpp.o)
 .ARM.attributes
                0x0000000000000336       0x2c /tmp/arduino-sketch-2B73F36B5C84B8272D10C75CF37AA7F8/core/core.a(CDC.cpp.o)
 .ARM.attributes
                0x0000000000000362       0x2c /tmp/arduino-sketch-2B73F36B5C84B8272D10C75CF37AA7F8/core/core.a(PluggableUSB.cpp.o)
 .ARM.attributes
                0x000000000000038e       0x2c /tmp/arduino-sketch-2B73F36B5C84B8272D10C75CF37AA7F8/core/core.a(SAMD21_USBDevice.cpp.o)
 .ARM.attributes
                0x00000000000003ba       0x1e /home/alien/.arduino15/packages/adafruit/tools/arm-none-eabi-gcc/9-2019q4/bin/../lib/gcc/arm-none-eabi/9.2.1/thumb/v6-m/nofp/libgcc.a(_thumb1_case_uqi.o)
 .ARM.attributes
                0x00000000000003d8       0x1e /home/alien/.arduino15/packages/adafruit/tools/arm-none-eabi-gcc/9-2019q4/bin/../lib/gcc/arm-none-eabi/9.2.1/thumb/v6-m/nofp/libgcc.a(_udivsi3.o)
 .ARM.attributes
                0x00000000000003f6       0x1e /home/alien/.arduino15/packages/adafruit/tools/arm-none-eabi-gcc/9-2019q4/bin/../lib/gcc/arm-none-eabi/9.2.1/thumb/v6-m/nofp/libgcc.a(_dvmd_tls.o)
 .ARM.attributes
                0x0000000000000414       0x2c /home/alien/.arduino15/packages/adafruit/tools/arm-none-eabi-gcc/9-2019q4/bin/../lib/gcc/arm-none-eabi/9.2.1/../../../../arm-none-eabi/lib/thumb/v6-m/nofp/libc_nano.a(lib_a-impure.o)
 .ARM.attributes
                0x0000000000000440       0x2c /home/alien/.arduino15/packages/adafruit/tools/arm-none-eabi-gcc/9-2019q4/bin/../lib/gcc/arm-none-eabi/9.2.1/../../../../arm-none-eabi/lib/thumb/v6-m/nofp/libc_nano.a(lib_a-init.o)
 .ARM.attributes
                0x000000000000046c       0x2c /home/alien/.arduino15/packages/adafruit/tools/arm-none-eabi-gcc/9-2019q4/bin/../lib/gcc/arm-none-eabi/9.2.1/../../../../arm-none-eabi/lib/thumb/v6-m/nofp/libc_nano.a(lib_a-malloc.o)
 .ARM.attributes
                0x0000000000000498       0x2c /home/alien/.arduino15/packages/adafruit/tools/arm-none-eabi-gcc/9-2019q4/bin/../lib/gcc/arm-none-eabi/9.2.1/../../../../arm-none-eabi/lib/thumb/v6-m/nofp/libc_nano.a(lib_a-memcpy-stub.o)
 .ARM.attributes
                0x00000000000004c4       0x2c /home/alien/.arduino15/packages/adafruit/tools/arm-none-eabi-gcc/9-2019q4/bin/../lib/gcc/arm-none-eabi/9.2.1/../../../../arm-none-eabi/lib/thumb/v6-m/nofp/libc_nano.a(lib_a-memset.o)
 .ARM.attributes
                0x00000000000004f0       0x2c /home/alien/.arduino15/packages/adafruit/tools/arm-none-eabi-gcc/9-2019q4/bin/../lib/gcc/arm-none-eabi/9.2.1/../../../../arm-none-eabi/lib/thumb/v6-m/nofp/libc_nano.a(lib_a-nano-freer.o)
 .ARM.attributes
                0x000000000000051c       0x2c /home/alien/.arduino15/packages/adafruit/tools/arm-none-eabi-gcc/9-2019q4/bin/../lib/gcc/arm-none-eabi/9.2.1/../../../../arm-none-eabi/lib/thumb/v6-m/nofp/libc_nano.a(lib_a-nano-mallocr.o)
 .ARM.attributes
                0x0000000000000548       0x2c /home/alien/.arduino15/packages/adafruit/tools/arm-none-eabi-gcc/9-2019q4/bin/../lib/gcc/arm-none-eabi/9.2.1/../../../../arm-none-eabi/lib/thumb/v6-m/nofp/libc_nano.a(lib_a-sbrkr.o)
 .ARM.attributes
                0x0000000000000574       0x1c /home/alien/.arduino15/packages/adafruit/tools/arm-none-eabi-gcc/9-2019q4/bin/../lib/gcc/arm-none-eabi/9.2.1/../../../../arm-none-eabi/lib/thumb/v6-m/nofp/libc_nano.a(lib_a-strlen.o)
 .ARM.attributes
                0x0000000000000590       0x2c /home/alien/.arduino15/packages/adafruit/tools/arm-none-eabi-gcc/9-2019q4/bin/../lib/gcc/arm-none-eabi/9.2.1/../../../../arm-none-eabi/lib/thumb/v6-m/nofp/libc_nano.a(lib_a-mlock.o)
 .ARM.attributes
                0x00000000000005bc       0x2c /home/alien/.arduino15/packages/adafruit/tools/arm-none-eabi-gcc/9-2019q4/bin/../lib/gcc/arm-none-eabi/9.2.1/../../../../arm-none-eabi/lib/thumb/v6-m/nofp/libc_nano.a(lib_a-reent.o)
 .ARM.attributes
                0x00000000000005e8       0x2c /home/alien/.arduino15/packages/adafruit/tools/arm-none-eabi-gcc/9-2019q4/bin/../lib/gcc/arm-none-eabi/9.2.1/../../../../arm-none-eabi/lib/thumb/v6-m/nofp/libc_nano.a(lib_a-lock.o)
 .ARM.attributes
                0x0000000000000614       0x2c /home/alien/.arduino15/packages/adafruit/tools/arm-none-eabi-gcc/9-2019q4/bin/../lib/gcc/arm-none-eabi/9.2.1/../../../../arm-none-eabi/lib/thumb/v6-m/nofp/libnosys.a(sbrk.o)
 .ARM.attributes
                0x0000000000000640       0x2c /home/alien/.arduino15/packages/adafruit/tools/arm-none-eabi-gcc/9-2019q4/bin/../lib/gcc/arm-none-eabi/9.2.1/thumb/v6-m/nofp/crtend.o
 .ARM.attributes
                0x000000000000066c       0x1e /home/alien/.arduino15/packages/adafruit/tools/arm-none-eabi-gcc/9-2019q4/bin/../lib/gcc/arm-none-eabi/9.2.1/thumb/v6-m/nofp/crtn.o

.comment        0x0000000000000000       0x79
 .comment       0x0000000000000000       0x79 /tmp/arduino-sketch-2B73F36B5C84B8272D10C75CF37AA7F8/sketch/sketch_simple.ino.cpp.o
                                         0x7a (size before relaxing)
 .comment       0x0000000000000079       0x7a /tmp/arduino-sketch-2B73F36B5C84B8272D10C75CF37AA7F8/core/variant.cpp.o
 .comment       0x0000000000000079       0x7a /tmp/arduino-sketch-2B73F36B5C84B8272D10C75CF37AA7F8/core/core.a(cortex_handlers.c.o)
 .comment       0x0000000000000079       0x7a /tmp/arduino-sketch-2B73F36B5C84B8272D10C75CF37AA7F8/core/core.a(delay.c.o)
 .comment       0x0000000000000079       0x7a /tmp/arduino-sketch-2B73F36B5C84B8272D10C75CF37AA7F8/core/core.a(hooks.c.o)
 .comment       0x0000000000000079       0x7a /tmp/arduino-sketch-2B73F36B5C84B8272D10C75CF37AA7F8/core/core.a(startup.c.o)
 .comment       0x0000000000000079       0x7a /tmp/arduino-sketch-2B73F36B5C84B8272D10C75CF37AA7F8/core/core.a(wiring.c.o)
 .comment       0x0000000000000079       0x7a /tmp/arduino-sketch-2B73F36B5C84B8272D10C75CF37AA7F8/core/core.a(wiring_analog.c.o)
 .comment       0x0000000000000079       0x7a /tmp/arduino-sketch-2B73F36B5C84B8272D10C75CF37AA7F8/core/core.a(wiring_digital.c.o)
 .comment       0x0000000000000079       0x7a /tmp/arduino-sketch-2B73F36B5C84B8272D10C75CF37AA7F8/core/core.a(wiring_private.c.o)
 .comment       0x0000000000000079       0x7a /tmp/arduino-sketch-2B73F36B5C84B8272D10C75CF37AA7F8/core/core.a(Reset.cpp.o)
 .comment       0x0000000000000079       0x7a /tmp/arduino-sketch-2B73F36B5C84B8272D10C75CF37AA7F8/core/core.a(SERCOM.cpp.o)
 .comment       0x0000000000000079       0x7a /tmp/arduino-sketch-2B73F36B5C84B8272D10C75CF37AA7F8/core/core.a(Uart.cpp.o)
 .comment       0x0000000000000079       0x7a /tmp/arduino-sketch-2B73F36B5C84B8272D10C75CF37AA7F8/core/core.a(main.cpp.o)
 .comment       0x0000000000000079       0x7a /tmp/arduino-sketch-2B73F36B5C84B8272D10C75CF37AA7F8/core/core.a(Print.cpp.o)
 .comment       0x0000000000000079       0x7a /tmp/arduino-sketch-2B73F36B5C84B8272D10C75CF37AA7F8/core/core.a(USBCore.cpp.o)
 .comment       0x0000000000000079       0x7a /tmp/arduino-sketch-2B73F36B5C84B8272D10C75CF37AA7F8/core/core.a(new.cpp.o)
 .comment       0x0000000000000079       0x7a /tmp/arduino-sketch-2B73F36B5C84B8272D10C75CF37AA7F8/core/core.a(CDC.cpp.o)
 .comment       0x0000000000000079       0x7a /tmp/arduino-sketch-2B73F36B5C84B8272D10C75CF37AA7F8/core/core.a(PluggableUSB.cpp.o)
 .comment       0x0000000000000079       0x7a /tmp/arduino-sketch-2B73F36B5C84B8272D10C75CF37AA7F8/core/core.a(SAMD21_USBDevice.cpp.o)

.debug_info     0x0000000000000000    0x7001b
 .debug_info    0x0000000000000000     0x77f6 /tmp/arduino-sketch-2B73F36B5C84B8272D10C75CF37AA7F8/sketch/sketch_simple.ino.cpp.o
 .debug_info    0x00000000000077f6     0x6cf9 /tmp/arduino-sketch-2B73F36B5C84B8272D10C75CF37AA7F8/core/variant.cpp.o
 .debug_info    0x000000000000e4ef     0x121b /tmp/arduino-sketch-2B73F36B5C84B8272D10C75CF37AA7F8/core/core.a(cortex_handlers.c.o)
 .debug_info    0x000000000000f70a     0x14c5 /tmp/arduino-sketch-2B73F36B5C84B8272D10C75CF37AA7F8/core/core.a(delay.c.o)
 .debug_info    0x0000000000010bcf       0x67 /tmp/arduino-sketch-2B73F36B5C84B8272D10C75CF37AA7F8/core/core.a(hooks.c.o)
 .debug_info    0x0000000000010c36     0x3863 /tmp/arduino-sketch-2B73F36B5C84B8272D10C75CF37AA7F8/core/core.a(startup.c.o)
 .debug_info    0x0000000000014499     0x307e /tmp/arduino-sketch-2B73F36B5C84B8272D10C75CF37AA7F8/core/core.a(wiring.c.o)
 .debug_info    0x0000000000017517     0x5505 /tmp/arduino-sketch-2B73F36B5C84B8272D10C75CF37AA7F8/core/core.a(wiring_analog.c.o)
 .debug_info    0x000000000001ca1c     0x19bd /tmp/arduino-sketch-2B73F36B5C84B8272D10C75CF37AA7F8/core/core.a(wiring_digital.c.o)
 .debug_info    0x000000000001e3d9     0x194b /tmp/arduino-sketch-2B73F36B5C84B8272D10C75CF37AA7F8/core/core.a(wiring_private.c.o)
 .debug_info    0x000000000001fd24     0x6ecd /tmp/arduino-sketch-2B73F36B5C84B8272D10C75CF37AA7F8/core/core.a(Reset.cpp.o)
 .debug_info    0x0000000000026bf1     0x8091 /tmp/arduino-sketch-2B73F36B5C84B8272D10C75CF37AA7F8/core/core.a(SERCOM.cpp.o)
 .debug_info    0x000000000002ec82     0x9cbe /tmp/arduino-sketch-2B73F36B5C84B8272D10C75CF37AA7F8/core/core.a(Uart.cpp.o)
 .debug_info    0x0000000000038940     0x68d4 /tmp/arduino-sketch-2B73F36B5C84B8272D10C75CF37AA7F8/core/core.a(main.cpp.o)
 .debug_info    0x000000000003f214     0x91a9 /tmp/arduino-sketch-2B73F36B5C84B8272D10C75CF37AA7F8/core/core.a(Print.cpp.o)
 .debug_info    0x00000000000483bd     0xe9f7 /tmp/arduino-sketch-2B73F36B5C84B8272D10C75CF37AA7F8/core/core.a(USBCore.cpp.o)
 .debug_info    0x0000000000056db4     0x1111 /tmp/arduino-sketch-2B73F36B5C84B8272D10C75CF37AA7F8/core/core.a(new.cpp.o)
 .debug_info    0x0000000000057ec5     0x8e13 /tmp/arduino-sketch-2B73F36B5C84B8272D10C75CF37AA7F8/core/core.a(CDC.cpp.o)
 .debug_info    0x0000000000060cd8     0x6d7d /tmp/arduino-sketch-2B73F36B5C84B8272D10C75CF37AA7F8/core/core.a(PluggableUSB.cpp.o)
 .debug_info    0x0000000000067a55     0x85c6 /tmp/arduino-sketch-2B73F36B5C84B8272D10C75CF37AA7F8/core/core.a(SAMD21_USBDevice.cpp.o)

.debug_abbrev   0x0000000000000000     0x7a2b
 .debug_abbrev  0x0000000000000000      0x729 /tmp/arduino-sketch-2B73F36B5C84B8272D10C75CF37AA7F8/sketch/sketch_simple.ino.cpp.o
 .debug_abbrev  0x0000000000000729      0x5f0 /tmp/arduino-sketch-2B73F36B5C84B8272D10C75CF37AA7F8/core/variant.cpp.o
 .debug_abbrev  0x0000000000000d19      0x303 /tmp/arduino-sketch-2B73F36B5C84B8272D10C75CF37AA7F8/core/core.a(cortex_handlers.c.o)
 .debug_abbrev  0x000000000000101c      0x33a /tmp/arduino-sketch-2B73F36B5C84B8272D10C75CF37AA7F8/core/core.a(delay.c.o)
 .debug_abbrev  0x0000000000001356       0x4d /tmp/arduino-sketch-2B73F36B5C84B8272D10C75CF37AA7F8/core/core.a(hooks.c.o)
 .debug_abbrev  0x00000000000013a3      0x2f7 /tmp/arduino-sketch-2B73F36B5C84B8272D10C75CF37AA7F8/core/core.a(startup.c.o)
 .debug_abbrev  0x000000000000169a      0x3e8 /tmp/arduino-sketch-2B73F36B5C84B8272D10C75CF37AA7F8/core/core.a(wiring.c.o)
 .debug_abbrev  0x0000000000001a82      0x554 /tmp/arduino-sketch-2B73F36B5C84B8272D10C75CF37AA7F8/core/core.a(wiring_analog.c.o)
 .debug_abbrev  0x0000000000001fd6      0x389 /tmp/arduino-sketch-2B73F36B5C84B8272D10C75CF37AA7F8/core/core.a(wiring_digital.c.o)
 .debug_abbrev  0x000000000000235f      0x351 /tmp/arduino-sketch-2B73F36B5C84B8272D10C75CF37AA7F8/core/core.a(wiring_private.c.o)
 .debug_abbrev  0x00000000000026b0      0x750 /tmp/arduino-sketch-2B73F36B5C84B8272D10C75CF37AA7F8/core/core.a(Reset.cpp.o)
 .debug_abbrev  0x0000000000002e00      0x974 /tmp/arduino-sketch-2B73F36B5C84B8272D10C75CF37AA7F8/core/core.a(SERCOM.cpp.o)
 .debug_abbrev  0x0000000000003774      0xa49 /tmp/arduino-sketch-2B73F36B5C84B8272D10C75CF37AA7F8/core/core.a(Uart.cpp.o)
 .debug_abbrev  0x00000000000041bd      0x683 /tmp/arduino-sketch-2B73F36B5C84B8272D10C75CF37AA7F8/core/core.a(main.cpp.o)
 .debug_abbrev  0x0000000000004840      0x9ae /tmp/arduino-sketch-2B73F36B5C84B8272D10C75CF37AA7F8/core/core.a(Print.cpp.o)
 .debug_abbrev  0x00000000000051ee      0xcf4 /tmp/arduino-sketch-2B73F36B5C84B8272D10C75CF37AA7F8/core/core.a(USBCore.cpp.o)
 .debug_abbrev  0x0000000000005ee2      0x350 /tmp/arduino-sketch-2B73F36B5C84B8272D10C75CF37AA7F8/core/core.a(new.cpp.o)
 .debug_abbrev  0x0000000000006232      0x9bf /tmp/arduino-sketch-2B73F36B5C84B8272D10C75CF37AA7F8/core/core.a(CDC.cpp.o)
 .debug_abbrev  0x0000000000006bf1      0x778 /tmp/arduino-sketch-2B73F36B5C84B8272D10C75CF37AA7F8/core/core.a(PluggableUSB.cpp.o)
 .debug_abbrev  0x0000000000007369      0x6c2 /tmp/arduino-sketch-2B73F36B5C84B8272D10C75CF37AA7F8/core/core.a(SAMD21_USBDevice.cpp.o)

.debug_aranges  0x0000000000000000      0x8a0
 .debug_aranges
                0x0000000000000000       0x28 /tmp/arduino-sketch-2B73F36B5C84B8272D10C75CF37AA7F8/sketch/sketch_simple.ino.cpp.o
 .debug_aranges
                0x0000000000000028       0x30 /tmp/arduino-sketch-2B73F36B5C84B8272D10C75CF37AA7F8/core/variant.cpp.o
 .debug_aranges
                0x0000000000000058       0x40 /tmp/arduino-sketch-2B73F36B5C84B8272D10C75CF37AA7F8/core/core.a(cortex_handlers.c.o)
 .debug_aranges
                0x0000000000000098       0x38 /tmp/arduino-sketch-2B73F36B5C84B8272D10C75CF37AA7F8/core/core.a(delay.c.o)
 .debug_aranges
                0x00000000000000d0       0x30 /tmp/arduino-sketch-2B73F36B5C84B8272D10C75CF37AA7F8/core/core.a(hooks.c.o)
 .debug_aranges
                0x0000000000000100       0x20 /tmp/arduino-sketch-2B73F36B5C84B8272D10C75CF37AA7F8/core/core.a(startup.c.o)
 .debug_aranges
                0x0000000000000120       0x20 /tmp/arduino-sketch-2B73F36B5C84B8272D10C75CF37AA7F8/core/core.a(wiring.c.o)
 .debug_aranges
                0x0000000000000140       0x40 /tmp/arduino-sketch-2B73F36B5C84B8272D10C75CF37AA7F8/core/core.a(wiring_analog.c.o)
 .debug_aranges
                0x0000000000000180       0x30 /tmp/arduino-sketch-2B73F36B5C84B8272D10C75CF37AA7F8/core/core.a(wiring_digital.c.o)
 .debug_aranges
                0x00000000000001b0       0x20 /tmp/arduino-sketch-2B73F36B5C84B8272D10C75CF37AA7F8/core/core.a(wiring_private.c.o)
 .debug_aranges
                0x00000000000001d0       0x30 /tmp/arduino-sketch-2B73F36B5C84B8272D10C75CF37AA7F8/core/core.a(Reset.cpp.o)
 .debug_aranges
                0x0000000000000200      0x200 /tmp/arduino-sketch-2B73F36B5C84B8272D10C75CF37AA7F8/core/core.a(SERCOM.cpp.o)
 .debug_aranges
                0x0000000000000400       0xb0 /tmp/arduino-sketch-2B73F36B5C84B8272D10C75CF37AA7F8/core/core.a(Uart.cpp.o)
 .debug_aranges
                0x00000000000004b0       0x28 /tmp/arduino-sketch-2B73F36B5C84B8272D10C75CF37AA7F8/core/core.a(main.cpp.o)
 .debug_aranges
                0x00000000000004d8      0x108 /tmp/arduino-sketch-2B73F36B5C84B8272D10C75CF37AA7F8/core/core.a(Print.cpp.o)
 .debug_aranges
                0x00000000000005e0      0x180 /tmp/arduino-sketch-2B73F36B5C84B8272D10C75CF37AA7F8/core/core.a(USBCore.cpp.o)
 .debug_aranges
                0x0000000000000760       0x28 /tmp/arduino-sketch-2B73F36B5C84B8272D10C75CF37AA7F8/core/core.a(new.cpp.o)
 .debug_aranges
                0x0000000000000788       0xa0 /tmp/arduino-sketch-2B73F36B5C84B8272D10C75CF37AA7F8/core/core.a(CDC.cpp.o)
 .debug_aranges
                0x0000000000000828       0x50 /tmp/arduino-sketch-2B73F36B5C84B8272D10C75CF37AA7F8/core/core.a(PluggableUSB.cpp.o)
 .debug_aranges
                0x0000000000000878       0x28 /tmp/arduino-sketch-2B73F36B5C84B8272D10C75CF37AA7F8/core/core.a(SAMD21_USBDevice.cpp.o)

.debug_ranges   0x0000000000000000     0x1618
 .debug_ranges  0x0000000000000000       0x18 /tmp/arduino-sketch-2B73F36B5C84B8272D10C75CF37AA7F8/sketch/sketch_simple.ino.cpp.o
 .debug_ranges  0x0000000000000018       0x38 /tmp/arduino-sketch-2B73F36B5C84B8272D10C75CF37AA7F8/core/variant.cpp.o
 .debug_ranges  0x0000000000000050       0x30 /tmp/arduino-sketch-2B73F36B5C84B8272D10C75CF37AA7F8/core/core.a(cortex_handlers.c.o)
 .debug_ranges  0x0000000000000080       0x28 /tmp/arduino-sketch-2B73F36B5C84B8272D10C75CF37AA7F8/core/core.a(delay.c.o)
 .debug_ranges  0x00000000000000a8       0x20 /tmp/arduino-sketch-2B73F36B5C84B8272D10C75CF37AA7F8/core/core.a(hooks.c.o)
 .debug_ranges  0x00000000000000c8       0x10 /tmp/arduino-sketch-2B73F36B5C84B8272D10C75CF37AA7F8/core/core.a(startup.c.o)
 .debug_ranges  0x00000000000000d8       0x80 /tmp/arduino-sketch-2B73F36B5C84B8272D10C75CF37AA7F8/core/core.a(wiring.c.o)
 .debug_ranges  0x0000000000000158       0xd8 /tmp/arduino-sketch-2B73F36B5C84B8272D10C75CF37AA7F8/core/core.a(wiring_analog.c.o)
 .debug_ranges  0x0000000000000230       0x20 /tmp/arduino-sketch-2B73F36B5C84B8272D10C75CF37AA7F8/core/core.a(wiring_digital.c.o)
 .debug_ranges  0x0000000000000250       0x28 /tmp/arduino-sketch-2B73F36B5C84B8272D10C75CF37AA7F8/core/core.a(wiring_private.c.o)
 .debug_ranges  0x0000000000000278       0x50 /tmp/arduino-sketch-2B73F36B5C84B8272D10C75CF37AA7F8/core/core.a(Reset.cpp.o)
 .debug_ranges  0x00000000000002c8      0x320 /tmp/arduino-sketch-2B73F36B5C84B8272D10C75CF37AA7F8/core/core.a(SERCOM.cpp.o)
 .debug_ranges  0x00000000000005e8      0x260 /tmp/arduino-sketch-2B73F36B5C84B8272D10C75CF37AA7F8/core/core.a(Uart.cpp.o)
 .debug_ranges  0x0000000000000848       0x18 /tmp/arduino-sketch-2B73F36B5C84B8272D10C75CF37AA7F8/core/core.a(main.cpp.o)
 .debug_ranges  0x0000000000000860      0x208 /tmp/arduino-sketch-2B73F36B5C84B8272D10C75CF37AA7F8/core/core.a(Print.cpp.o)
 .debug_ranges  0x0000000000000a68      0x9f8 /tmp/arduino-sketch-2B73F36B5C84B8272D10C75CF37AA7F8/core/core.a(USBCore.cpp.o)
 .debug_ranges  0x0000000000001460       0x18 /tmp/arduino-sketch-2B73F36B5C84B8272D10C75CF37AA7F8/core/core.a(new.cpp.o)
 .debug_ranges  0x0000000000001478      0x128 /tmp/arduino-sketch-2B73F36B5C84B8272D10C75CF37AA7F8/core/core.a(CDC.cpp.o)
 .debug_ranges  0x00000000000015a0       0x60 /tmp/arduino-sketch-2B73F36B5C84B8272D10C75CF37AA7F8/core/core.a(PluggableUSB.cpp.o)
 .debug_ranges  0x0000000000001600       0x18 /tmp/arduino-sketch-2B73F36B5C84B8272D10C75CF37AA7F8/core/core.a(SAMD21_USBDevice.cpp.o)

.debug_line     0x0000000000000000     0xc674
 .debug_line    0x0000000000000000      0x707 /tmp/arduino-sketch-2B73F36B5C84B8272D10C75CF37AA7F8/sketch/sketch_simple.ino.cpp.o
 .debug_line    0x0000000000000707      0x63d /tmp/arduino-sketch-2B73F36B5C84B8272D10C75CF37AA7F8/core/variant.cpp.o
 .debug_line    0x0000000000000d44      0x451 /tmp/arduino-sketch-2B73F36B5C84B8272D10C75CF37AA7F8/core/core.a(cortex_handlers.c.o)
 .debug_line    0x0000000000001195      0x655 /tmp/arduino-sketch-2B73F36B5C84B8272D10C75CF37AA7F8/core/core.a(delay.c.o)
 .debug_line    0x00000000000017ea       0xc5 /tmp/arduino-sketch-2B73F36B5C84B8272D10C75CF37AA7F8/core/core.a(hooks.c.o)
 .debug_line    0x00000000000018af      0x6aa /tmp/arduino-sketch-2B73F36B5C84B8272D10C75CF37AA7F8/core/core.a(startup.c.o)
 .debug_line    0x0000000000001f59      0x6c9 /tmp/arduino-sketch-2B73F36B5C84B8272D10C75CF37AA7F8/core/core.a(wiring.c.o)
 .debug_line    0x0000000000002622      0xb7e /tmp/arduino-sketch-2B73F36B5C84B8272D10C75CF37AA7F8/core/core.a(wiring_analog.c.o)
 .debug_line    0x00000000000031a0      0x5af /tmp/arduino-sketch-2B73F36B5C84B8272D10C75CF37AA7F8/core/core.a(wiring_digital.c.o)
 .debug_line    0x000000000000374f      0x545 /tmp/arduino-sketch-2B73F36B5C84B8272D10C75CF37AA7F8/core/core.a(wiring_private.c.o)
 .debug_line    0x0000000000003c94      0x840 /tmp/arduino-sketch-2B73F36B5C84B8272D10C75CF37AA7F8/core/core.a(Reset.cpp.o)
 .debug_line    0x00000000000044d4     0x161b /tmp/arduino-sketch-2B73F36B5C84B8272D10C75CF37AA7F8/core/core.a(SERCOM.cpp.o)
 .debug_line    0x0000000000005aef      0xf07 /tmp/arduino-sketch-2B73F36B5C84B8272D10C75CF37AA7F8/core/core.a(Uart.cpp.o)
 .debug_line    0x00000000000069f6      0x721 /tmp/arduino-sketch-2B73F36B5C84B8272D10C75CF37AA7F8/core/core.a(main.cpp.o)
 .debug_line    0x0000000000007117      0xe99 /tmp/arduino-sketch-2B73F36B5C84B8272D10C75CF37AA7F8/core/core.a(Print.cpp.o)
 .debug_line    0x0000000000007fb0     0x27da /tmp/arduino-sketch-2B73F36B5C84B8272D10C75CF37AA7F8/core/core.a(USBCore.cpp.o)
 .debug_line    0x000000000000a78a      0x3c1 /tmp/arduino-sketch-2B73F36B5C84B8272D10C75CF37AA7F8/core/core.a(new.cpp.o)
 .debug_line    0x000000000000ab4b      0xabb /tmp/arduino-sketch-2B73F36B5C84B8272D10C75CF37AA7F8/core/core.a(CDC.cpp.o)
 .debug_line    0x000000000000b606      0x923 /tmp/arduino-sketch-2B73F36B5C84B8272D10C75CF37AA7F8/core/core.a(PluggableUSB.cpp.o)
 .debug_line    0x000000000000bf29      0x74b /tmp/arduino-sketch-2B73F36B5C84B8272D10C75CF37AA7F8/core/core.a(SAMD21_USBDevice.cpp.o)

.debug_str      0x0000000000000000     0xa2b2
 .debug_str     0x0000000000000000     0x4322 /tmp/arduino-sketch-2B73F36B5C84B8272D10C75CF37AA7F8/sketch/sketch_simple.ino.cpp.o
                                       0x4bd2 (size before relaxing)
 .debug_str     0x0000000000004322      0x8fe /tmp/arduino-sketch-2B73F36B5C84B8272D10C75CF37AA7F8/core/variant.cpp.o
                                       0x382f (size before relaxing)
 .debug_str     0x0000000000004c20      0x4cd /tmp/arduino-sketch-2B73F36B5C84B8272D10C75CF37AA7F8/core/core.a(cortex_handlers.c.o)
                                        0xff0 (size before relaxing)
 .debug_str     0x00000000000050ed       0xe7 /tmp/arduino-sketch-2B73F36B5C84B8272D10C75CF37AA7F8/core/core.a(delay.c.o)
                                        0xef2 (size before relaxing)
 .debug_str     0x00000000000051d4       0x6a /tmp/arduino-sketch-2B73F36B5C84B8272D10C75CF37AA7F8/core/core.a(hooks.c.o)
                                        0x193 (size before relaxing)
 .debug_str     0x000000000000523e      0x854 /tmp/arduino-sketch-2B73F36B5C84B8272D10C75CF37AA7F8/core/core.a(startup.c.o)
                                       0x172d (size before relaxing)
 .debug_str     0x0000000000005a92      0x3c1 /tmp/arduino-sketch-2B73F36B5C84B8272D10C75CF37AA7F8/core/core.a(wiring.c.o)
                                       0x1827 (size before relaxing)
 .debug_str     0x0000000000005e53      0x182 /tmp/arduino-sketch-2B73F36B5C84B8272D10C75CF37AA7F8/core/core.a(wiring_analog.c.o)
                                       0x1c86 (size before relaxing)
 .debug_str     0x0000000000005fd5      0x102 /tmp/arduino-sketch-2B73F36B5C84B8272D10C75CF37AA7F8/core/core.a(wiring_digital.c.o)
                                        0xff8 (size before relaxing)
 .debug_str     0x00000000000060d7       0x6e /tmp/arduino-sketch-2B73F36B5C84B8272D10C75CF37AA7F8/core/core.a(wiring_private.c.o)
                                        0xfe5 (size before relaxing)
 .debug_str     0x0000000000006145      0x1a5 /tmp/arduino-sketch-2B73F36B5C84B8272D10C75CF37AA7F8/core/core.a(Reset.cpp.o)
                                       0x430b (size before relaxing)
 .debug_str     0x00000000000062ea      0x2c0 /tmp/arduino-sketch-2B73F36B5C84B8272D10C75CF37AA7F8/core/core.a(SERCOM.cpp.o)
                                       0x45ba (size before relaxing)
 .debug_str     0x00000000000065aa      0xc37 /tmp/arduino-sketch-2B73F36B5C84B8272D10C75CF37AA7F8/core/core.a(Uart.cpp.o)
                                       0x5bdc (size before relaxing)
 .debug_str     0x00000000000071e1       0xa6 /tmp/arduino-sketch-2B73F36B5C84B8272D10C75CF37AA7F8/core/core.a(main.cpp.o)
                                       0x40d3 (size before relaxing)
 .debug_str     0x0000000000007287      0x40b /tmp/arduino-sketch-2B73F36B5C84B8272D10C75CF37AA7F8/core/core.a(Print.cpp.o)
                                       0x4fe9 (size before relaxing)
 .debug_str     0x0000000000007692     0x24fd /tmp/arduino-sketch-2B73F36B5C84B8272D10C75CF37AA7F8/core/core.a(USBCore.cpp.o)
                                       0x730a (size before relaxing)
 .debug_str     0x0000000000009b8f       0x83 /tmp/arduino-sketch-2B73F36B5C84B8272D10C75CF37AA7F8/core/core.a(new.cpp.o)
                                        0x821 (size before relaxing)
 .debug_str     0x0000000000009c12      0x571 /tmp/arduino-sketch-2B73F36B5C84B8272D10C75CF37AA7F8/core/core.a(CDC.cpp.o)
                                       0x5905 (size before relaxing)
 .debug_str     0x000000000000a183       0x87 /tmp/arduino-sketch-2B73F36B5C84B8272D10C75CF37AA7F8/core/core.a(PluggableUSB.cpp.o)
                                       0x4363 (size before relaxing)
 .debug_str     0x000000000000a20a       0xa8 /tmp/arduino-sketch-2B73F36B5C84B8272D10C75CF37AA7F8/core/core.a(SAMD21_USBDevice.cpp.o)
                                       0x5be9 (size before relaxing)

.debug_frame    0x0000000000000000     0x1784
 .debug_frame   0x0000000000000000       0x48 /tmp/arduino-sketch-2B73F36B5C84B8272D10C75CF37AA7F8/sketch/sketch_simple.ino.cpp.o
 .debug_frame   0x0000000000000048       0x64 /tmp/arduino-sketch-2B73F36B5C84B8272D10C75CF37AA7F8/core/variant.cpp.o
 .debug_frame   0x00000000000000ac       0x78 /tmp/arduino-sketch-2B73F36B5C84B8272D10C75CF37AA7F8/core/core.a(cortex_handlers.c.o)
 .debug_frame   0x0000000000000124       0x78 /tmp/arduino-sketch-2B73F36B5C84B8272D10C75CF37AA7F8/core/core.a(delay.c.o)
 .debug_frame   0x000000000000019c       0x40 /tmp/arduino-sketch-2B73F36B5C84B8272D10C75CF37AA7F8/core/core.a(hooks.c.o)
 .debug_frame   0x00000000000001dc       0x2c /tmp/arduino-sketch-2B73F36B5C84B8272D10C75CF37AA7F8/core/core.a(startup.c.o)
 .debug_frame   0x0000000000000208       0x28 /tmp/arduino-sketch-2B73F36B5C84B8272D10C75CF37AA7F8/core/core.a(wiring.c.o)
 .debug_frame   0x0000000000000230       0x80 /tmp/arduino-sketch-2B73F36B5C84B8272D10C75CF37AA7F8/core/core.a(wiring_analog.c.o)
 .debug_frame   0x00000000000002b0       0x60 /tmp/arduino-sketch-2B73F36B5C84B8272D10C75CF37AA7F8/core/core.a(wiring_digital.c.o)
 .debug_frame   0x0000000000000310       0x2c /tmp/arduino-sketch-2B73F36B5C84B8272D10C75CF37AA7F8/core/core.a(wiring_private.c.o)
 .debug_frame   0x000000000000033c       0x48 /tmp/arduino-sketch-2B73F36B5C84B8272D10C75CF37AA7F8/core/core.a(Reset.cpp.o)
 .debug_frame   0x0000000000000384      0x4a0 /tmp/arduino-sketch-2B73F36B5C84B8272D10C75CF37AA7F8/core/core.a(SERCOM.cpp.o)
 .debug_frame   0x0000000000000824      0x1c4 /tmp/arduino-sketch-2B73F36B5C84B8272D10C75CF37AA7F8/core/core.a(Uart.cpp.o)
 .debug_frame   0x00000000000009e8       0x38 /tmp/arduino-sketch-2B73F36B5C84B8272D10C75CF37AA7F8/core/core.a(main.cpp.o)
 .debug_frame   0x0000000000000a20      0x334 /tmp/arduino-sketch-2B73F36B5C84B8272D10C75CF37AA7F8/core/core.a(Print.cpp.o)
 .debug_frame   0x0000000000000d54      0x474 /tmp/arduino-sketch-2B73F36B5C84B8272D10C75CF37AA7F8/core/core.a(USBCore.cpp.o)
 .debug_frame   0x00000000000011c8       0x70 /tmp/arduino-sketch-2B73F36B5C84B8272D10C75CF37AA7F8/core/core.a(new.cpp.o)
 .debug_frame   0x0000000000001238      0x188 /tmp/arduino-sketch-2B73F36B5C84B8272D10C75CF37AA7F8/core/core.a(CDC.cpp.o)
 .debug_frame   0x00000000000013c0       0xc8 /tmp/arduino-sketch-2B73F36B5C84B8272D10C75CF37AA7F8/core/core.a(PluggableUSB.cpp.o)
 .debug_frame   0x0000000000001488       0x48 /tmp/arduino-sketch-2B73F36B5C84B8272D10C75CF37AA7F8/core/core.a(SAMD21_USBDevice.cpp.o)
 .debug_frame   0x00000000000014d0       0x20 /home/alien/.arduino15/packages/adafruit/tools/arm-none-eabi-gcc/9-2019q4/bin/../lib/gcc/arm-none-eabi/9.2.1/thumb/v6-m/nofp/libgcc.a(_udivsi3.o)
 .debug_frame   0x00000000000014f0       0x2c /home/alien/.arduino15/packages/adafruit/tools/arm-none-eabi-gcc/9-2019q4/bin/../lib/gcc/arm-none-eabi/9.2.1/../../../../arm-none-eabi/lib/thumb/v6-m/nofp/libc_nano.a(lib_a-init.o)
 .debug_frame   0x000000000000151c       0x40 /home/alien/.arduino15/packages/adafruit/tools/arm-none-eabi-gcc/9-2019q4/bin/../lib/gcc/arm-none-eabi/9.2.1/../../../../arm-none-eabi/lib/thumb/v6-m/nofp/libc_nano.a(lib_a-malloc.o)
 .debug_frame   0x000000000000155c       0x28 /home/alien/.arduino15/packages/adafruit/tools/arm-none-eabi-gcc/9-2019q4/bin/../lib/gcc/arm-none-eabi/9.2.1/../../../../arm-none-eabi/lib/thumb/v6-m/nofp/libc_nano.a(lib_a-memcpy-stub.o)
 .debug_frame   0x0000000000001584       0x20 /home/alien/.arduino15/packages/adafruit/tools/arm-none-eabi-gcc/9-2019q4/bin/../lib/gcc/arm-none-eabi/9.2.1/../../../../arm-none-eabi/lib/thumb/v6-m/nofp/libc_nano.a(lib_a-memset.o)
 .debug_frame   0x00000000000015a4       0x2c /home/alien/.arduino15/packages/adafruit/tools/arm-none-eabi-gcc/9-2019q4/bin/../lib/gcc/arm-none-eabi/9.2.1/../../../../arm-none-eabi/lib/thumb/v6-m/nofp/libc_nano.a(lib_a-nano-freer.o)
 .debug_frame   0x00000000000015d0       0x30 /home/alien/.arduino15/packages/adafruit/tools/arm-none-eabi-gcc/9-2019q4/bin/../lib/gcc/arm-none-eabi/9.2.1/../../../../arm-none-eabi/lib/thumb/v6-m/nofp/libc_nano.a(lib_a-nano-mallocr.o)
 .debug_frame   0x0000000000001600       0x2c /home/alien/.arduino15/packages/adafruit/tools/arm-none-eabi-gcc/9-2019q4/bin/../lib/gcc/arm-none-eabi/9.2.1/../../../../arm-none-eabi/lib/thumb/v6-m/nofp/libc_nano.a(lib_a-sbrkr.o)
 .debug_frame   0x000000000000162c       0x40 /home/alien/.arduino15/packages/adafruit/tools/arm-none-eabi-gcc/9-2019q4/bin/../lib/gcc/arm-none-eabi/9.2.1/../../../../arm-none-eabi/lib/thumb/v6-m/nofp/libc_nano.a(lib_a-mlock.o)
 .debug_frame   0x000000000000166c       0x48 /home/alien/.arduino15/packages/adafruit/tools/arm-none-eabi-gcc/9-2019q4/bin/../lib/gcc/arm-none-eabi/9.2.1/../../../../arm-none-eabi/lib/thumb/v6-m/nofp/libc_nano.a(lib_a-reent.o)
 .debug_frame   0x00000000000016b4       0xb0 /home/alien/.arduino15/packages/adafruit/tools/arm-none-eabi-gcc/9-2019q4/bin/../lib/gcc/arm-none-eabi/9.2.1/../../../../arm-none-eabi/lib/thumb/v6-m/nofp/libc_nano.a(lib_a-lock.o)
 .debug_frame   0x0000000000001764       0x20 /home/alien/.arduino15/packages/adafruit/tools/arm-none-eabi-gcc/9-2019q4/bin/../lib/gcc/arm-none-eabi/9.2.1/../../../../arm-none-eabi/lib/thumb/v6-m/nofp/libnosys.a(sbrk.o)

.debug_loc      0x0000000000000000     0x7788
 .debug_loc     0x0000000000000000       0x2e /tmp/arduino-sketch-2B73F36B5C84B8272D10C75CF37AA7F8/core/variant.cpp.o
 .debug_loc     0x000000000000002e       0xa5 /tmp/arduino-sketch-2B73F36B5C84B8272D10C75CF37AA7F8/core/core.a(cortex_handlers.c.o)
 .debug_loc     0x00000000000000d3      0x12a /tmp/arduino-sketch-2B73F36B5C84B8272D10C75CF37AA7F8/core/core.a(delay.c.o)
 .debug_loc     0x00000000000001fd       0x47 /tmp/arduino-sketch-2B73F36B5C84B8272D10C75CF37AA7F8/core/core.a(startup.c.o)
 .debug_loc     0x0000000000000244       0xd9 /tmp/arduino-sketch-2B73F36B5C84B8272D10C75CF37AA7F8/core/core.a(wiring.c.o)
 .debug_loc     0x000000000000031d      0x51c /tmp/arduino-sketch-2B73F36B5C84B8272D10C75CF37AA7F8/core/core.a(wiring_analog.c.o)
 .debug_loc     0x0000000000000839      0x13e /tmp/arduino-sketch-2B73F36B5C84B8272D10C75CF37AA7F8/core/core.a(wiring_digital.c.o)
 .debug_loc     0x0000000000000977      0x14e /tmp/arduino-sketch-2B73F36B5C84B8272D10C75CF37AA7F8/core/core.a(wiring_private.c.o)
 .debug_loc     0x0000000000000ac5      0xe80 /tmp/arduino-sketch-2B73F36B5C84B8272D10C75CF37AA7F8/core/core.a(SERCOM.cpp.o)
 .debug_loc     0x0000000000001945      0xc6d /tmp/arduino-sketch-2B73F36B5C84B8272D10C75CF37AA7F8/core/core.a(Uart.cpp.o)
 .debug_loc     0x00000000000025b2     0x1755 /tmp/arduino-sketch-2B73F36B5C84B8272D10C75CF37AA7F8/core/core.a(Print.cpp.o)
 .debug_loc     0x0000000000003d07     0x3092 /tmp/arduino-sketch-2B73F36B5C84B8272D10C75CF37AA7F8/core/core.a(USBCore.cpp.o)
 .debug_loc     0x0000000000006d99       0x4a /tmp/arduino-sketch-2B73F36B5C84B8272D10C75CF37AA7F8/core/core.a(new.cpp.o)
 .debug_loc     0x0000000000006de3      0x657 /tmp/arduino-sketch-2B73F36B5C84B8272D10C75CF37AA7F8/core/core.a(CDC.cpp.o)
 .debug_loc     0x000000000000743a      0x295 /tmp/arduino-sketch-2B73F36B5C84B8272D10C75CF37AA7F8/core/core.a(PluggableUSB.cpp.o)
 .debug_loc     0x00000000000076cf       0xb9 /tmp/arduino-sketch-2B73F36B5C84B8272D10C75CF37AA7F8/core/core.a(SAMD21_USBDevice.cpp.o)

Cross Reference Table

Symbol                                            File
AC_Handler                                        /tmp/arduino-sketch-2B73F36B5C84B8272D10C75CF37AA7F8/core/core.a(cortex_handlers.c.o)
ADC_Handler                                       /tmp/arduino-sketch-2B73F36B5C84B8272D10C75CF37AA7F8/core/core.a(cortex_handlers.c.o)
CDC_GetInterface(unsigned char*)                  /tmp/arduino-sketch-2B73F36B5C84B8272D10C75CF37AA7F8/core/core.a(CDC.cpp.o)
                                                  /tmp/arduino-sketch-2B73F36B5C84B8272D10C75CF37AA7F8/core/core.a(USBCore.cpp.o)
CDC_Setup(USBSetup&)                              /tmp/arduino-sketch-2B73F36B5C84B8272D10C75CF37AA7F8/core/core.a(CDC.cpp.o)
                                                  /tmp/arduino-sketch-2B73F36B5C84B8272D10C75CF37AA7F8/core/core.a(USBCore.cpp.o)
DAC_Handler                                       /tmp/arduino-sketch-2B73F36B5C84B8272D10C75CF37AA7F8/core/core.a(cortex_handlers.c.o)
DMAC_Handler                                      /tmp/arduino-sketch-2B73F36B5C84B8272D10C75CF37AA7F8/core/core.a(cortex_handlers.c.o)
DoubleBufferedEPOutHandler::available() const     /tmp/arduino-sketch-2B73F36B5C84B8272D10C75CF37AA7F8/core/core.a(USBCore.cpp.o)
DoubleBufferedEPOutHandler::handleEndpoint()      /tmp/arduino-sketch-2B73F36B5C84B8272D10C75CF37AA7F8/core/core.a(USBCore.cpp.o)
DoubleBufferedEPOutHandler::init()                /tmp/arduino-sketch-2B73F36B5C84B8272D10C75CF37AA7F8/core/core.a(USBCore.cpp.o)
DoubleBufferedEPOutHandler::recv(void*, unsigned long) /tmp/arduino-sketch-2B73F36B5C84B8272D10C75CF37AA7F8/core/core.a(USBCore.cpp.o)
DoubleBufferedEPOutHandler::release()             /tmp/arduino-sketch-2B73F36B5C84B8272D10C75CF37AA7F8/core/core.a(USBCore.cpp.o)
DoubleBufferedEPOutHandler::~DoubleBufferedEPOutHandler() /tmp/arduino-sketch-2B73F36B5C84B8272D10C75CF37AA7F8/core/core.a(USBCore.cpp.o)
DoubleBufferedEPOutHandler::~DoubleBufferedEPOutHandler() /tmp/arduino-sketch-2B73F36B5C84B8272D10C75CF37AA7F8/core/core.a(USBCore.cpp.o)
DoubleBufferedEPOutHandler::~DoubleBufferedEPOutHandler() /tmp/arduino-sketch-2B73F36B5C84B8272D10C75CF37AA7F8/core/core.a(USBCore.cpp.o)
Dummy_Handler                                     /tmp/arduino-sketch-2B73F36B5C84B8272D10C75CF37AA7F8/core/core.a(cortex_handlers.c.o)
EIC_Handler                                       /tmp/arduino-sketch-2B73F36B5C84B8272D10C75CF37AA7F8/core/core.a(cortex_handlers.c.o)
EVSYS_Handler                                     /tmp/arduino-sketch-2B73F36B5C84B8272D10C75CF37AA7F8/core/core.a(cortex_handlers.c.o)
EndPoints                                         /tmp/arduino-sketch-2B73F36B5C84B8272D10C75CF37AA7F8/core/core.a(USBCore.cpp.o)
                                                  /tmp/arduino-sketch-2B73F36B5C84B8272D10C75CF37AA7F8/core/core.a(PluggableUSB.cpp.o)
HardFault_Handler                                 /tmp/arduino-sketch-2B73F36B5C84B8272D10C75CF37AA7F8/core/core.a(cortex_handlers.c.o)
I2S_Handler                                       /tmp/arduino-sketch-2B73F36B5C84B8272D10C75CF37AA7F8/core/core.a(cortex_handlers.c.o)
NMI_Handler                                       /tmp/arduino-sketch-2B73F36B5C84B8272D10C75CF37AA7F8/core/core.a(cortex_handlers.c.o)